[crypto-admin-templates.multipurposethemes.com/sass/dark-multi/index.html]
[backblue.gif]
[fade.gif]
[index.html]
[crypto-admin-templates.multipurposethemes.com/sass/dark-multi/css/skin_color.css]
[crypto-admin-templates.multipurposethemes.com/sass/dark-multi/css/style.css]
[crypto-admin-templates.multipurposethemes.com/sass/dark-multi/index-2.html]
[crypto-admin-templates.multipurposethemes.com/sass/dark-multi/index-3.html]
[crypto-admin-templates.multipurposethemes.com/sass/dark-multi/index-4.html]
[crypto-admin-templates.multipurposethemes.com/sass/dark-multi/index-5.html]
[crypto-admin-templates.multipurposethemes.com/sass/dark-multi/index-6.html]
[crypto-admin-templates.multipurposethemes.com/sass/dark-multi/index-7.html]
[crypto-admin-templates.multipurposethemes.com/sass/dark-multi/index-8.html]
[crypto-admin-templates.multipurposethemes.com/sass/dark-multi/index-9.html]
[crypto-admin-templates.multipurposethemes.com/sass/dark-multi/pages/reports_transactions.html]
[crypto-admin-templates.multipurposethemes.com/sass/dark-multi/pages/reports_top_gainers_losers.html]
[crypto-admin-templates.multipurposethemes.com/sass/dark-multi/pages/reports_market_capitalizations.html]
[crypto-admin-templates.multipurposethemes.com/sass/dark-multi/pages/reports_crypto_stats.html]
[crypto-admin-templates.multipurposethemes.com/sass/dark-multi/pages/ico_distribution_countdown.html]
[crypto-admin-templates.multipurposethemes.com/sass/dark-multi/pages/ico_roadmap_timeline.html]
[crypto-admin-templates.multipurposethemes.com/sass/dark-multi/pages/ico_progress.html]
[crypto-admin-templates.multipurposethemes.com/sass/dark-multi/pages/ico_details.html]
[crypto-admin-templates.multipurposethemes.com/sass/dark-multi/pages/ico_listing.html]
[crypto-admin-templates.multipurposethemes.com/sass/dark-multi/pages/ico_filter.html]
[crypto-admin-templates.multipurposethemes.com/sass/dark-multi/pages/currency_exchange.html]
[crypto-admin-templates.multipurposethemes.com/sass/dark-multi/pages/members.html]
[crypto-admin-templates.multipurposethemes.com/sass/dark-multi/pages/members_list.html]
[crypto-admin-templates.multipurposethemes.com/sass/dark-multi/pages/member_profile.html]
[crypto-admin-templates.multipurposethemes.com/sass/dark-multi/pages/tickers.html]
[crypto-admin-templates.multipurposethemes.com/sass/dark-multi/pages/tickers_live_pricing.html]
[crypto-admin-templates.multipurposethemes.com/sass/dark-multi/pages/transactions_tables.html]
[crypto-admin-templates.multipurposethemes.com/sass/dark-multi/pages/transaction_search.html]
[crypto-admin-templates.multipurposethemes.com/sass/dark-multi/pages/transaction_details.html]
[crypto-admin-templates.multipurposethemes.com/sass/dark-multi/pages/transactions_counter.html]
[crypto-admin-templates.multipurposethemes.com/sass/dark-multi/pages/charts_chartjs.html]
[crypto-admin-templates.multipurposethemes.com/sass/dark-multi/pages/charts_flot.html]
[crypto-admin-templates.multipurposethemes.com/sass/dark-multi/pages/charts_inline.html]
[crypto-admin-templates.multipurposethemes.com/sass/dark-multi/pages/charts_morris.html]
[crypto-admin-templates.multipurposethemes.com/sass/dark-multi/pages/charts_peity.html]
[crypto-admin-templates.multipurposethemes.com/sass/dark-multi/pages/charts_chartist.html]
[crypto-admin-templates.multipurposethemes.com/sass/dark-multi/pages/charts_rickshaw.html]
[crypto-admin-templates.multipurposethemes.com/sass/dark-multi/pages/charts_nvd3.html]
[crypto-admin-templates.multipurposethemes.com/sass/dark-multi/pages/charts_echart.html]
[crypto-admin-templates.multipurposethemes.com/sass/dark-multi/pages/charts_amcharts.html]
[crypto-admin-templates.multipurposethemes.com/sass/dark-multi/pages/charts_amstock_charts.html]
[crypto-admin-templates.multipurposethemes.com/sass/dark-multi/pages/charts_ammaps.html]
[crypto-admin-templates.multipurposethemes.com/sass/dark-multi/pages/layout_boxed.html]
[crypto-admin-templates.multipurposethemes.com/sass/dark-multi/pages/layout_fixed.html]
[crypto-admin-templates.multipurposethemes.com/sass/dark-multi/pages/layout_collapsed_sidebar.html]
[crypto-admin-templates.multipurposethemes.com/sass/dark-multi/pages/app_chat.html]
[crypto-admin-templates.multipurposethemes.com/sass/dark-multi/pages/app_contact.html]
[crypto-admin-templates.multipurposethemes.com/sass/dark-multi/pages/app_userlist_grid.html]
[crypto-admin-templates.multipurposethemes.com/sass/dark-multi/pages/app_userlist.html]
[crypto-admin-templates.multipurposethemes.com/sass/dark-multi/pages/app_ticket.html]
[crypto-admin-templates.multipurposethemes.com/sass/dark-multi/pages/app_calendar.html]
[crypto-admin-templates.multipurposethemes.com/sass/dark-multi/pages/app_profile.html]
[crypto-admin-templates.multipurposethemes.com/sass/dark-multi/pages/app_taskboard.html]
[crypto-admin-templates.multipurposethemes.com/sass/dark-multi/pages/app_project_table.html]
[crypto-admin-templates.multipurposethemes.com/sass/dark-multi/pages/mailbox_inbox.html]
[crypto-admin-templates.multipurposethemes.com/sass/dark-multi/pages/mailbox_compose.html]
[crypto-admin-templates.multipurposethemes.com/sass/dark-multi/pages/mailbox_read_mail.html]
[crypto-admin-templates.multipurposethemes.com/sass/dark-multi/pages/ui_badges.html]
[crypto-admin-templates.multipurposethemes.com/sass/dark-multi/pages/ui_border_utilities.html]
[crypto-admin-templates.multipurposethemes.com/sass/dark-multi/pages/ui_buttons.html]
[crypto-admin-templates.multipurposethemes.com/sass/dark-multi/pages/ui_color_utilities.html]
[crypto-admin-templates.multipurposethemes.com/sass/dark-multi/pages/ui_dropdown.html]
[crypto-admin-templates.multipurposethemes.com/sass/dark-multi/pages/ui_dropdown_grid.html]
[crypto-admin-templates.multipurposethemes.com/sass/dark-multi/pages/ui_typography.html]
[crypto-admin-templates.multipurposethemes.com/sass/dark-multi/pages/ui_progress_bars.html]
[crypto-admin-templates.multipurposethemes.com/sass/dark-multi/pages/ui_grid.html]
[crypto-admin-templates.multipurposethemes.com/sass/dark-multi/pages/ui_ribbons.html]
[crypto-admin-templates.multipurposethemes.com/sass/dark-multi/pages/ui_sliders.html]
[crypto-admin-templates.multipurposethemes.com/sass/dark-multi/pages/ui_tab.html]
[crypto-admin-templates.multipurposethemes.com/sass/dark-multi/pages/ui_timeline.html]
[crypto-admin-templates.multipurposethemes.com/sass/dark-multi/pages/ui_timeline_horizontal.html]
[crypto-admin-templates.multipurposethemes.com/sass/dark-multi/pages/component_bootstrap_switch.html]
[crypto-admin-templates.multipurposethemes.com/sass/dark-multi/pages/component_date_paginator.html]
[crypto-admin-templates.multipurposethemes.com/sass/dark-multi/pages/component_media_advanced.html]
[crypto-admin-templates.multipurposethemes.com/sass/dark-multi/pages/component_modals.html]
[crypto-admin-templates.multipurposethemes.com/sass/dark-multi/pages/component_nestable.html]
[crypto-admin-templates.multipurposethemes.com/sass/dark-multi/pages/component_notification.html]
[crypto-admin-templates.multipurposethemes.com/sass/dark-multi/pages/component_portlet_draggable.html]
[crypto-admin-templates.multipurposethemes.com/sass/dark-multi/pages/component_sweatalert.html]
[crypto-admin-templates.multipurposethemes.com/sass/dark-multi/pages/component_rangeslider.html]
[crypto-admin-templates.multipurposethemes.com/sass/dark-multi/pages/component_rating.html]
[crypto-admin-templates.multipurposethemes.com/sass/dark-multi/pages/component_animations.html]
[crypto-admin-templates.multipurposethemes.com/sass/dark-multi/pages/box_cards.html]
[crypto-admin-templates.multipurposethemes.com/sass/dark-multi/pages/box_advanced.html]
[crypto-admin-templates.multipurposethemes.com/sass/dark-multi/pages/box_basic.html]
[crypto-admin-templates.multipurposethemes.com/sass/dark-multi/pages/box_color.html]
[crypto-admin-templates.multipurposethemes.com/sass/dark-multi/pages/box_group.html]
[crypto-admin-templates.multipurposethemes.com/sass/dark-multi/pages/icons_fontawesome.html]
[crypto-admin-templates.multipurposethemes.com/sass/dark-multi/pages/icons_glyphicons.html]
[crypto-admin-templates.multipurposethemes.com/sass/dark-multi/pages/icons_material.html]
[crypto-admin-templates.multipurposethemes.com/sass/dark-multi/pages/icons_themify.html]
[crypto-admin-templates.multipurposethemes.com/sass/dark-multi/pages/icons_simpleline.html]
[crypto-admin-templates.multipurposethemes.com/sass/dark-multi/pages/icons_cryptocoins.html]
[crypto-admin-templates.multipurposethemes.com/sass/dark-multi/pages/icons_flag.html]
[crypto-admin-templates.multipurposethemes.com/sass/dark-multi/pages/icons_weather.html]
[crypto-admin-templates.multipurposethemes.com/sass/dark-multi/pages/widgets_blog.html]
[crypto-admin-templates.multipurposethemes.com/sass/dark-multi/pages/widgets_chart.html]
[crypto-admin-templates.multipurposethemes.com/sass/dark-multi/pages/widgets_list.html]
[crypto-admin-templates.multipurposethemes.com/sass/dark-multi/pages/widgets_social.html]
[crypto-admin-templates.multipurposethemes.com/sass/dark-multi/pages/widgets_statistic.html]
[crypto-admin-templates.multipurposethemes.com/sass/dark-multi/pages/widgets_weather.html]
[crypto-admin-templates.multipurposethemes.com/sass/dark-multi/pages/widgets.html]
[crypto-admin-templates.multipurposethemes.com/sass/dark-multi/pages/email_index.html]
[crypto-admin-templates.multipurposethemes.com/sass/dark-multi/pages/map_google.html]
[crypto-admin-templates.multipurposethemes.com/sass/dark-multi/pages/map_vector.html]
[crypto-admin-templates.multipurposethemes.com/sass/dark-multi/pages/extension_fullscreen.html]
[crypto-admin-templates.multipurposethemes.com/sass/dark-multi/pages/extension_pace.html]
[crypto-admin-templates.multipurposethemes.com/sass/dark-multi/pages/forms_advanced.html]
[crypto-admin-templates.multipurposethemes.com/sass/dark-multi/pages/forms_code_editor.html]
[crypto-admin-templates.multipurposethemes.com/sass/dark-multi/pages/forms_editor_markdown.html]
[crypto-admin-templates.multipurposethemes.com/sass/dark-multi/pages/forms_editors.html]
[crypto-admin-templates.multipurposethemes.com/sass/dark-multi/pages/forms_validation.html]
[crypto-admin-templates.multipurposethemes.com/sass/dark-multi/pages/forms_wizard.html]
[crypto-admin-templates.multipurposethemes.com/sass/dark-multi/pages/forms_general.html]
[crypto-admin-templates.multipurposethemes.com/sass/dark-multi/pages/forms_mask.html]
[crypto-admin-templates.multipurposethemes.com/sass/dark-multi/pages/forms_xeditable.html]
[crypto-admin-templates.multipurposethemes.com/sass/dark-multi/pages/forms_dropzone.html]
[crypto-admin-templates.multipurposethemes.com/sass/dark-multi/pages/tables_simple.html]
[crypto-admin-templates.multipurposethemes.com/sass/dark-multi/pages/tables_data.html]
[crypto-admin-templates.multipurposethemes.com/sass/dark-multi/pages/tables_editable.html]
[crypto-admin-templates.multipurposethemes.com/sass/dark-multi/pages/tables_color.html]
[crypto-admin-templates.multipurposethemes.com/sass/dark-multi/pages/auth_login.html]
[crypto-admin-templates.multipurposethemes.com/sass/dark-multi/pages/auth_register.html]
[crypto-admin-templates.multipurposethemes.com/sass/dark-multi/pages/auth_lockscreen.html]
[crypto-admin-templates.multipurposethemes.com/sass/dark-multi/pages/auth_user_pass.html]
[crypto-admin-templates.multipurposethemes.com/sass/dark-multi/pages/error_404.html]
[crypto-admin-templates.multipurposethemes.com/sass/dark-multi/pages/error_500.html]
[crypto-admin-templates.multipurposethemes.com/sass/dark-multi/pages/error_maintenance.html]
[crypto-admin-templates.multipurposethemes.com/sass/dark-multi/pages/sample_blank.html]
[crypto-admin-templates.multipurposethemes.com/sass/dark-multi/pages/sample_coming_soon.html]
[crypto-admin-templates.multipurposethemes.com/sass/dark-multi/pages/sample_custom_scroll.html]
[crypto-admin-templates.multipurposethemes.com/sass/dark-multi/pages/sample_faq.html]
[crypto-admin-templates.multipurposethemes.com/sass/dark-multi/pages/sample_gallery.html]
[crypto-admin-templates.multipurposethemes.com/sass/dark-multi/pages/sample_lightbox.html]
[crypto-admin-templates.multipurposethemes.com/sass/dark-multi/pages/sample_pricing.html]
[crypto-admin-templates.multipurposethemes.com/sass/dark-multi/pages/sample_invoice.html]
[crypto-admin-templates.multipurposethemes.com/sass/dark-multi/pages/sample_invoicelist.html]
[crypto-admin-templates.multipurposethemes.com/sass/dark-multi/js/template.js]
[crypto-admin-templates.multipurposethemes.com/sass/dark-multi/js/pages/dashboard.js]
[crypto-admin-templates.multipurposethemes.com/sass/dark-multi/js/pages/dashboard-chart.js]
[crypto-admin-templates.multipurposethemes.com/sass/dark-multi/index.html]
[crypto-admin-templates.multipurposethemes.com/sass/dark-multi/js/demo.js]
[crypto-admin-templates.multipurposethemes.com/sass/dark-multi/css/color_theme.css]
[crypto-admin-templates.multipurposethemes.com/sass/dark-multi/css/style_rtl.css]
[crypto-admin-templates.multipurposethemes.com/sass/dark-multi/css/icons/font-awesome/css/font-awesome.css]
[crypto-admin-templates.multipurposethemes.com/sass/dark-multi/css/icons/Ionicons/css/ionicons.css]
[crypto-admin-templates.multipurposethemes.com/sass/dark-multi/css/icons/themify-icons/themify-icons.css]
[crypto-admin-templates.multipurposethemes.com/sass/dark-multi/css/icons/linea-icons/linea.css]
[crypto-admin-templates.multipurposethemes.com/sass/dark-multi/css/icons/glyphicons/glyphicon.css]
[crypto-admin-templates.multipurposethemes.com/sass/dark-multi/css/icons/flag-icon-css/css/flag-icon.css]
[crypto-admin-templates.multipurposethemes.com/sass/dark-multi/css/icons/material-design-iconic-font/css/materialdesignicons.css]
[crypto-admin-templates.multipurposethemes.com/sass/dark-multi/css/icons/simple-line-icons/css/simple-line-icons.css]
[crypto-admin-templates.multipurposethemes.com/sass/dark-multi/css/icons/cryptocoins-master/cryptocoins.css]
[crypto-admin-templates.multipurposethemes.com/sass/dark-multi/css/icons/weather-icons/css/weather-icons.min.css]
[crypto-admin-templates.multipurposethemes.com/sass/dark-multi/css/icons/iconsmind/style.css]
[crypto-admin-templates.multipurposethemes.com/sass/dark-multi/css/style.css]
[crypto-admin-templates.multipurposethemes.com/sass/dark-multi/css/skin_color.css]
[crypto-admin-templates.multipurposethemes.com/sass/dark-multi/js/pages/chartjs-int.js]
[crypto-admin-templates.multipurposethemes.com/sass/dark-multi/js/pages/dashboard2.js]
[crypto-admin-templates.multipurposethemes.com/sass/dark-multi/js/pages/dashboard2-chart.js]
[crypto-admin-templates.multipurposethemes.com/sass/dark-multi/index-2.html]
[crypto-admin-templates.multipurposethemes.com/sass/dark-multi/js/pages/dashboard3.js]
[crypto-admin-templates.multipurposethemes.com/sass/dark-multi/js/pages/dashboard3-chart.js]
[crypto-admin-templates.multipurposethemes.com/sass/dark-multi/index-3.html]
[crypto-admin-templates.multipurposethemes.com/sass/dark-multi/js/pages/dashboard4.js]
[crypto-admin-templates.multipurposethemes.com/sass/dark-multi/js/pages/dashboard4-chart.js]
[crypto-admin-templates.multipurposethemes.com/sass/dark-multi/index-4.html]
[crypto-admin-templates.multipurposethemes.com/sass/dark-multi/js/pages/dashboard5.js]
[crypto-admin-templates.multipurposethemes.com/sass/dark-multi/js/pages/dashboard5-chart.js]
[crypto-admin-templates.multipurposethemes.com/sass/dark-multi/index-5.html]
[crypto-admin-templates.multipurposethemes.com/sass/dark-multi/js/pages/ohlc.js]
[crypto-admin-templates.multipurposethemes.com/sass/dark-multi/js/pages/dashboard6.js]
[crypto-admin-templates.multipurposethemes.com/sass/dark-multi/js/pages/dashboard6-chart.js]
[crypto-admin-templates.multipurposethemes.com/sass/dark-multi/index-6.html]
[crypto-admin-templates.multipurposethemes.com/sass/dark-multi/js/pages/dashboard7.js]
[crypto-admin-templates.multipurposethemes.com/sass/dark-multi/js/pages/dashboard7-chart.js]
[crypto-admin-templates.multipurposethemes.com/sass/dark-multi/index-7.html]
[crypto-admin-templates.multipurposethemes.com/sass/dark-multi/js/pages/dashboard8.js]
[crypto-admin-templates.multipurposethemes.com/sass/dark-multi/js/pages/dashboard8-chart.js]
[crypto-admin-templates.multipurposethemes.com/sass/dark-multi/index-8.html]
[crypto-admin-templates.multipurposethemes.com/sass/dark-multi/js/pages/dashboard9.js]
[crypto-admin-templates.multipurposethemes.com/sass/dark-multi/js/pages/dashboard9-chart.js]
[crypto-admin-templates.multipurposethemes.com/sass/dark-multi/index-9.html]
[crypto-admin-templates.multipurposethemes.com/sass/dark-multi/pages/reports_transactions.html]
[crypto-admin-templates.multipurposethemes.com/sass/dark-multi/pages/reports_top_gainers_losers.html]
[crypto-admin-templates.multipurposethemes.com/sass/dark-multi/js/pages/market-capitalizations.js]
[crypto-admin-templates.multipurposethemes.com/sass/dark-multi/pages/reports_market_capitalizations.html]
[crypto-admin-templates.multipurposethemes.com/sass/dark-multi/pages/reports_crypto_stats.html]
[crypto-admin-templates.multipurposethemes.com/sass/dark-multi/js/pages/countdown.js]
[crypto-admin-templates.multipurposethemes.com/sass/dark-multi/pages/ico_distribution_countdown.html]
[crypto-admin-templates.multipurposethemes.com/sass/dark-multi/pages/ico_roadmap_timeline.html]
[crypto-admin-templates.multipurposethemes.com/sass/dark-multi/js/pages/progress-animation.js]
[crypto-admin-templates.multipurposethemes.com/sass/dark-multi/pages/ico_progress.html]
[crypto-admin-templates.multipurposethemes.com/sass/dark-multi/pages/ico_details.html]
[crypto-admin-templates.multipurposethemes.com/sass/dark-multi/pages/ico_listing.html]
[crypto-admin-templates.multipurposethemes.com/sass/dark-multi/js/pages/ico-filter.js]
[crypto-admin-templates.multipurposethemes.com/sass/dark-multi/pages/ico_filter.html]
[crypto-admin-templates.multipurposethemes.com/sass/dark-multi/pages/currency_exchange.html]
[crypto-admin-templates.multipurposethemes.com/sass/dark-multi/pages/members.html]
[crypto-admin-templates.multipurposethemes.com/sass/dark-multi/js/pages/data-table.js]
[crypto-admin-templates.multipurposethemes.com/sass/dark-multi/pages/members_list.html]
[crypto-admin-templates.multipurposethemes.com/sass/dark-multi/pages/member_profile.html]
[crypto-admin-templates.multipurposethemes.com/sass/dark-multi/js/pages/web-ticker.js]
[crypto-admin-templates.multipurposethemes.com/sass/dark-multi/pages/tickers.html]
[crypto-admin-templates.multipurposethemes.com/sass/dark-multi/pages/tickers_live_pricing.html]
[crypto-admin-templates.multipurposethemes.com/sass/dark-multi/pages/transactions_tables.html]
[crypto-admin-templates.multipurposethemes.com/sass/dark-multi/pages/transaction_search.html]
[crypto-admin-templates.multipurposethemes.com/sass/dark-multi/pages/transaction_details.html]
[crypto-admin-templates.multipurposethemes.com/sass/dark-multi/pages/transactions_counter.html]
[crypto-admin-templates.multipurposethemes.com/sass/dark-multi/js/pages/widget-charts2.js]
[crypto-admin-templates.multipurposethemes.com/sass/dark-multi/pages/charts_chartjs.html]
[crypto-admin-templates.multipurposethemes.com/sass/dark-multi/js/pages/widget-flot-charts.js]
[crypto-admin-templates.multipurposethemes.com/sass/dark-multi/pages/charts_flot.html]
[crypto-admin-templates.multipurposethemes.com/sass/dark-multi/js/pages/widget-inline-charts.js]
[crypto-admin-templates.multipurposethemes.com/sass/dark-multi/pages/charts_inline.html]
[crypto-admin-templates.multipurposethemes.com/sass/dark-multi/js/pages/widget-morris-charts.js]
[crypto-admin-templates.multipurposethemes.com/sass/dark-multi/pages/charts_morris.html]
[crypto-admin-templates.multipurposethemes.com/sass/dark-multi/js/pages/peity.js]
[crypto-admin-templates.multipurposethemes.com/sass/dark-multi/pages/charts_peity.html]
[crypto-admin-templates.multipurposethemes.com/sass/dark-multi/pages/charts_chartist.html]
[crypto-admin-templates.multipurposethemes.com/sass/dark-multi/js/pages/widget-chartist.js]
[crypto-admin-templates.multipurposethemes.com/sass/dark-multi/pages/charts_rickshaw.html]
[crypto-admin-templates.multipurposethemes.com/sass/dark-multi/js/pages/rickshaw-chart.js]
[crypto-admin-templates.multipurposethemes.com/sass/dark-multi/js/pages/nvd3-charts.js]
[crypto-admin-templates.multipurposethemes.com/sass/dark-multi/pages/charts_nvd3.html]
[crypto-admin-templates.multipurposethemes.com/sass/dark-multi/pages/charts_echart.html]
[crypto-admin-templates.multipurposethemes.com/sass/dark-multi/js/pages/echarts.js]
[crypto-admin-templates.multipurposethemes.com/sass/dark-multi/pages/charts_amcharts.html]
[crypto-admin-templates.multipurposethemes.com/sass/dark-multi/js/pages/amcharts/charts.js]
[crypto-admin-templates.multipurposethemes.com/sass/dark-multi/js/pages/amcharts/stock-charts.js]
[crypto-admin-templates.multipurposethemes.com/sass/dark-multi/pages/charts_amstock_charts.html]
[crypto-admin-templates.multipurposethemes.com/sass/dark-multi/js/pages/amcharts/maps.js]
[crypto-admin-templates.multipurposethemes.com/sass/dark-multi/pages/charts_ammaps.html]
[crypto-admin-templates.multipurposethemes.com/sass/dark-multi/pages/layout_boxed.html]
[crypto-admin-templates.multipurposethemes.com/sass/dark-multi/pages/layout_fixed.html]
[crypto-admin-templates.multipurposethemes.com/sass/dark-multi/pages/layout_collapsed_sidebar.html]
[crypto-admin-templates.multipurposethemes.com/sass/dark-multi/js/pages/app-chat.js]
[crypto-admin-templates.multipurposethemes.com/sass/dark-multi/pages/app_chat.html]
[crypto-admin-templates.multipurposethemes.com/sass/dark-multi/pages/profile.html]
[crypto-admin-templates.multipurposethemes.com/sass/dark-multi/pages/app_contact.html]
[crypto-admin-templates.multipurposethemes.com/sass/dark-multi/pages/app_userlist_grid.html]
[crypto-admin-templates.multipurposethemes.com/sass/dark-multi/pages/app_userlist.html]
[crypto-admin-templates.multipurposethemes.com/sass/dark-multi/pages/app_ticket.html]
[crypto-admin-templates.multipurposethemes.com/sass/dark-multi/js/pages/calendar.js]
[crypto-admin-templates.multipurposethemes.com/sass/dark-multi/pages/app_calendar.html]
[crypto-admin-templates.multipurposethemes.com/sass/dark-multi/js/pages/timeline.js]
[crypto-admin-templates.multipurposethemes.com/sass/dark-multi/pages/app_profile.html]
[crypto-admin-templates.multipurposethemes.com/sass/dark-multi/js/pages/extra_taskboard.js]
[crypto-admin-templates.multipurposethemes.com/sass/dark-multi/pages/app_taskboard.html]
[crypto-admin-templates.multipurposethemes.com/sass/dark-multi/js/pages/project-table.js]
[crypto-admin-templates.multipurposethemes.com/sass/dark-multi/pages/app_project_table.html]
[crypto-admin-templates.multipurposethemes.com/sass/dark-multi/js/pages/mailbox.js]
[crypto-admin-templates.multipurposethemes.com/sass/dark-multi/pages/mailbox_inbox.html]
[crypto-admin-templates.multipurposethemes.com/sass/dark-multi/js/pages/form-compose.js]
[crypto-admin-templates.multipurposethemes.com/sass/dark-multi/pages/mailbox_compose.html]
[crypto-admin-templates.multipurposethemes.com/sass/dark-multi/pages/mailbox_read_mail.html]
[crypto-admin-templates.multipurposethemes.com/sass/dark-multi/pages/ui_badges.html]
[crypto-admin-templates.multipurposethemes.com/sass/dark-multi/content/utilities-color.html]
[crypto-admin-templates.multipurposethemes.com/sass/dark-multi/pages/ui_border_utilities.html]
[crypto-admin-templates.multipurposethemes.com/sass/dark-multi/pages/ui_buttons.html]
[crypto-admin-templates.multipurposethemes.com/sass/dark-multi/pages/ui_color_utilities.html]
[crypto-admin-templates.multipurposethemes.com/sass/dark-multi/pages/ui_dropdown.html]
[crypto-admin-templates.multipurposethemes.com/sass/dark-multi/pages/ui_dropdown_grid.html]
[crypto-admin-templates.multipurposethemes.com/sass/dark-multi/pages/ui_typography.html]
[crypto-admin-templates.multipurposethemes.com/sass/dark-multi/pages/ui_progress_bars.html]
[crypto-admin-templates.multipurposethemes.com/sass/dark-multi/pages/ui_grid.html]
[crypto-admin-templates.multipurposethemes.com/sass/dark-multi/pages/ui_ribbons.html]
[crypto-admin-templates.multipurposethemes.com/sass/dark-multi/js/pages/slider.js]
[crypto-admin-templates.multipurposethemes.com/sass/dark-multi/pages/ui_sliders.html]
[crypto-admin-templates.multipurposethemes.com/sass/dark-multi/pages/ui_tab.html]
[crypto-admin-templates.multipurposethemes.com/sass/dark-multi/pages/ui_timeline.html]
[crypto-admin-templates.multipurposethemes.com/sass/dark-multi/pages/ui_timeline_horizontal.html]
[crypto-admin-templates.multipurposethemes.com/sass/dark-multi/pages/component_bootstrap_switch.html]
[crypto-admin-templates.multipurposethemes.com/sass/dark-multi/js/pages/date-paginator.js]
[crypto-admin-templates.multipurposethemes.com/sass/dark-multi/pages/component_date_paginator.html]
[crypto-admin-templates.multipurposethemes.com/sass/dark-multi/js/pages/media.js]
[crypto-admin-templates.multipurposethemes.com/sass/dark-multi/pages/component_media_advanced.html]
[crypto-admin-templates.multipurposethemes.com/sass/dark-multi/pages/component_modals.html]
[crypto-admin-templates.multipurposethemes.com/sass/dark-multi/js/pages/nestable.js]
[crypto-admin-templates.multipurposethemes.com/sass/dark-multi/pages/component_nestable.html]
[crypto-admin-templates.multipurposethemes.com/sass/dark-multi/js/pages/toastr.js]
[crypto-admin-templates.multipurposethemes.com/sass/dark-multi/js/pages/notification.js]
[crypto-admin-templates.multipurposethemes.com/sass/dark-multi/pages/component_notification.html]
[crypto-admin-templates.multipurposethemes.com/sass/dark-multi/js/pages/gridstackjs.js]
[crypto-admin-templates.multipurposethemes.com/sass/dark-multi/pages/component_portlet_draggable.html]
[crypto-admin-templates.multipurposethemes.com/sass/dark-multi/pages/component_sweatalert.html]
[crypto-admin-templates.multipurposethemes.com/sass/dark-multi/js/pages/range-sliders.init.js]
[crypto-admin-templates.multipurposethemes.com/sass/dark-multi/pages/component_rangeslider.html]
[crypto-admin-templates.multipurposethemes.com/sass/dark-multi/js/pages/component-rating-init.js]
[crypto-admin-templates.multipurposethemes.com/sass/dark-multi/pages/component_rating.html]
[crypto-admin-templates.multipurposethemes.com/sass/dark-multi/js/pages/component-animations-css3.js]
[crypto-admin-templates.multipurposethemes.com/sass/dark-multi/pages/component_animations.html]
[crypto-admin-templates.multipurposethemes.com/sass/dark-multi/pages/box_cards.html]
[crypto-admin-templates.multipurposethemes.com/sass/dark-multi/pages/box_advanced.html]
[crypto-admin-templates.multipurposethemes.com/sass/dark-multi/pages/box_basic.html]
[crypto-admin-templates.multipurposethemes.com/sass/dark-multi/ui/general.html]
[crypto-admin-templates.multipurposethemes.com/sass/dark-multi/pages/box_color.html]
[crypto-admin-templates.multipurposethemes.com/sass/dark-multi/pages/box_group.html]
[crypto-admin-templates.multipurposethemes.com/sass/dark-multi/pages/icons_fontawesome.html]
[crypto-admin-templates.multipurposethemes.com/sass/dark-multi/pages/icons_glyphicons.html]
[crypto-admin-templates.multipurposethemes.com/sass/dark-multi/pages/icons_material.html]
[crypto-admin-templates.multipurposethemes.com/sass/dark-multi/pages/icons_themify.html]
[crypto-admin-templates.multipurposethemes.com/sass/dark-multi/js/pages/icons.js]
[crypto-admin-templates.multipurposethemes.com/sass/dark-multi/pages/icons_simpleline.html]
[crypto-admin-templates.multipurposethemes.com/sass/dark-multi/pages/icons_cryptocoins.html]
[crypto-admin-templates.multipurposethemes.com/sass/dark-multi/pages/icons_flag.html]
[crypto-admin-templates.multipurposethemes.com/sass/dark-multi/pages/icons_weather.html]
[crypto-admin-templates.multipurposethemes.com/sass/dark-multi/js/pages/widget-blog.js]
[crypto-admin-templates.multipurposethemes.com/sass/dark-multi/pages/widgets_blog.html]
[crypto-admin-templates.multipurposethemes.com/sass/dark-multi/js/pages/chart-widgets.js]
[crypto-admin-templates.multipurposethemes.com/sass/dark-multi/pages/widgets_chart.html]
[crypto-admin-templates.multipurposethemes.com/sass/dark-multi/js/pages/list.js]
[crypto-admin-templates.multipurposethemes.com/sass/dark-multi/pages/widgets_list.html]
[crypto-admin-templates.multipurposethemes.com/sass/dark-multi/pages/widgets_social.html]
[crypto-admin-templates.multipurposethemes.com/sass/dark-multi/js/pages/statistic.js]
[crypto-admin-templates.multipurposethemes.com/sass/dark-multi/pages/widgets_statistic.html]
[crypto-admin-templates.multipurposethemes.com/sass/dark-multi/js/pages/weather.js]
[crypto-admin-templates.multipurposethemes.com/sass/dark-multi/pages/widgets_weather.html]
[crypto-admin-templates.multipurposethemes.com/sass/dark-multi/pages/widgets.html]
[crypto-admin-templates.multipurposethemes.com/sass/dark-multi/pages/email_welcome.html]
[crypto-admin-templates.multipurposethemes.com/sass/dark-multi/pages/email_verify_email.html]
[crypto-admin-templates.multipurposethemes.com/sass/dark-multi/pages/email_change_pass.html]
[crypto-admin-templates.multipurposethemes.com/sass/dark-multi/pages/email_update.html]
[crypto-admin-templates.multipurposethemes.com/sass/dark-multi/pages/email_expired_card.html]
[crypto-admin-templates.multipurposethemes.com/sass/dark-multi/pages/email_closed_account.html]
[crypto-admin-templates.multipurposethemes.com/sass/dark-multi/pages/email_index.html]
[crypto-admin-templates.multipurposethemes.com/sass/dark-multi/pages/map_google.html]
[crypto-admin-templates.multipurposethemes.com/sass/dark-multi/pages/map_vector.html]
[crypto-admin-templates.multipurposethemes.com/sass/dark-multi/js/pages/fullscreen.js]
[crypto-admin-templates.multipurposethemes.com/sass/dark-multi/pages/extension_fullscreen.html]
[crypto-admin-templates.multipurposethemes.com/sass/dark-multi/js/pages/pace.js]
[crypto-admin-templates.multipurposethemes.com/sass/dark-multi/pages/extension_pace.html]
[crypto-admin-templates.multipurposethemes.com/sass/dark-multi/js/pages/advanced-form-element.js]
[crypto-admin-templates.multipurposethemes.com/sass/dark-multi/pages/forms_advanced.html]
[crypto-admin-templates.multipurposethemes.com/sass/dark-multi/js/pages/form-code-editor.js]
[crypto-admin-templates.multipurposethemes.com/sass/dark-multi/pages/forms_code_editor.html]
[crypto-admin-templates.multipurposethemes.com/sass/dark-multi/pages/forms_editor_markdown.html]
[crypto-admin-templates.multipurposethemes.com/sass/dark-multi/js/pages/editor.js]
[crypto-admin-templates.multipurposethemes.com/sass/dark-multi/pages/forms_editors.html]
[crypto-admin-templates.multipurposethemes.com/sass/dark-multi/js/pages/validation.js]
[crypto-admin-templates.multipurposethemes.com/sass/dark-multi/js/pages/form-validation.js]
[crypto-admin-templates.multipurposethemes.com/sass/dark-multi/pages/forms_validation.html]
[crypto-admin-templates.multipurposethemes.com/sass/dark-multi/js/pages/steps.js]
[crypto-admin-templates.multipurposethemes.com/sass/dark-multi/pages/forms_wizard.html]
[crypto-admin-templates.multipurposethemes.com/sass/dark-multi/pages/forms_general.html]
[crypto-admin-templates.multipurposethemes.com/sass/dark-multi/js/pages/formatter.js]
[crypto-admin-templates.multipurposethemes.com/sass/dark-multi/pages/forms_mask.html]
[crypto-admin-templates.multipurposethemes.com/sass/dark-multi/js/pages/form-x-editable.js]
[crypto-admin-templates.multipurposethemes.com/sass/dark-multi/pages/forms_xeditable.html]
[crypto-admin-templates.multipurposethemes.com/sass/dark-multi/pages/forms_dropzone.html]
[crypto-admin-templates.multipurposethemes.com/sass/dark-multi/pages/tables_simple.html]
[crypto-admin-templates.multipurposethemes.com/sass/dark-multi/pages/tables_data.html]
[crypto-admin-templates.multipurposethemes.com/sass/dark-multi/js/pages/editable-tables.js]
[crypto-admin-templates.multipurposethemes.com/sass/dark-multi/pages/tables_editable.html]
[crypto-admin-templates.multipurposethemes.com/sass/dark-multi/pages/tables_color.html]
[crypto-admin-templates.multipurposethemes.com/sass/dark-multi/pages/auth_login.html]
[crypto-admin-templates.multipurposethemes.com/sass/dark-multi/pages/auth_register.html]
[crypto-admin-templates.multipurposethemes.com/sass/dark-multi/pages/auth_lockscreen.html]
[crypto-admin-templates.multipurposethemes.com/sass/dark-multi/pages/auth_user_pass.html]
[crypto-admin-templates.multipurposethemes.com/sass/dark-multi/pages/error_404.html]
[crypto-admin-templates.multipurposethemes.com/sass/dark-multi/pages/error_500.html]
[crypto-admin-templates.multipurposethemes.com/sass/dark-multi/pages/error_maintenance.html]
[crypto-admin-templates.multipurposethemes.com/sass/dark-multi/pages/sample_blank.html]
[crypto-admin-templates.multipurposethemes.com/sass/dark-multi/pages/sample_coming_soon_1.html]
[crypto-admin-templates.multipurposethemes.com/sass/dark-multi/pages/sample_coming_soon_2.html]
[crypto-admin-templates.multipurposethemes.com/sass/dark-multi/pages/sample_coming_soon_3.html]
[crypto-admin-templates.multipurposethemes.com/sass/dark-multi/pages/sample_coming_soon.html]
[crypto-admin-templates.multipurposethemes.com/sass/dark-multi/js/pages/custom-scroll.js]
[crypto-admin-templates.multipurposethemes.com/sass/dark-multi/pages/sample_custom_scroll.html]
[crypto-admin-templates.multipurposethemes.com/sass/dark-multi/pages/sample_faq.html]
[crypto-admin-templates.multipurposethemes.com/sass/dark-multi/js/pages/gallery.js]
[crypto-admin-templates.multipurposethemes.com/sass/dark-multi/pages/sample_gallery.html]
[crypto-admin-templates.multipurposethemes.com/sass/dark-multi/pages/www.youtube.com/watch7d1c]
[crypto-admin-templates.multipurposethemes.com/sass/dark-multi/pages/sample_lightbox.html]
[crypto-admin-templates.multipurposethemes.com/sass/dark-multi/pages/sample_pricing.html]
[crypto-admin-templates.multipurposethemes.com/sass/dark-multi/js/pages/invoice.js]
[crypto-admin-templates.multipurposethemes.com/sass/dark-multi/pages/sample_invoice.html]
[crypto-admin-templates.multipurposethemes.com/sass/dark-multi/pages/sample_invoicelist.html]
[crypto-admin-templates.multipurposethemes.com/sass/dark-multi/css/color_theme.css]
[crypto-admin-templates.multipurposethemes.com/sass/dark-multi/css/style_rtl.css]
[crypto-admin-templates.multipurposethemes.com/sass/dark-multi/css/icons/font-awesome/fonts/fontawesome-webfont3e6e.eot]
[crypto-admin-templates.multipurposethemes.com/sass/dark-multi/css/icons/font-awesome/fonts/fontawesome-webfontd41d.eot]
[crypto-admin-templates.multipurposethemes.com/sass/dark-multi/css/icons/font-awesome/fonts/fontawesome-webfont3e6e.woff2]
[crypto-admin-templates.multipurposethemes.com/sass/dark-multi/css/icons/font-awesome/fonts/fontawesome-webfont3e6e.woff]
[crypto-admin-templates.multipurposethemes.com/sass/dark-multi/css/icons/font-awesome/fonts/fontawesome-webfont3e6e.ttf]
[crypto-admin-templates.multipurposethemes.com/sass/dark-multi/css/icons/font-awesome/css/font-awesome.css]
[crypto-admin-templates.multipurposethemes.com/sass/dark-multi/css/icons/Ionicons/fonts/ionicons28b5.eot]
[crypto-admin-templates.multipurposethemes.com/sass/dark-multi/css/icons/Ionicons/fonts/ionicons28b5.ttf]
[crypto-admin-templates.multipurposethemes.com/sass/dark-multi/css/icons/Ionicons/fonts/ionicons28b5.woff]
[crypto-admin-templates.multipurposethemes.com/sass/dark-multi/css/icons/Ionicons/css/ionicons.css]
[crypto-admin-templates.multipurposethemes.com/sass/dark-multi/css/icons/themify-icons/fonts/themify9f24.eot]
[crypto-admin-templates.multipurposethemes.com/sass/dark-multi/css/icons/themify-icons/fonts/themifyd41d.eot]
[crypto-admin-templates.multipurposethemes.com/sass/dark-multi/css/icons/themify-icons/fonts/themify.woff]
[crypto-admin-templates.multipurposethemes.com/sass/dark-multi/css/icons/themify-icons/fonts/themify.ttf]
[crypto-admin-templates.multipurposethemes.com/sass/dark-multi/css/icons/themify-icons/themify-icons.css]
[crypto-admin-templates.multipurposethemes.com/sass/dark-multi/css/icons/linea-icons/fonts/linea-arrows-10.eot]
[crypto-admin-templates.multipurposethemes.com/sass/dark-multi/css/icons/linea-icons/fonts/linea-arrows-10d41d.eot]
[crypto-admin-templates.multipurposethemes.com/sass/dark-multi/css/icons/linea-icons/fonts/linea-arrows-10.woff]
[crypto-admin-templates.multipurposethemes.com/sass/dark-multi/css/icons/linea-icons/fonts/linea-arrows-10.ttf]
[crypto-admin-templates.multipurposethemes.com/sass/dark-multi/css/icons/linea-icons/fonts/linea-basic-10.eot]
[crypto-admin-templates.multipurposethemes.com/sass/dark-multi/css/icons/linea-icons/fonts/linea-basic-10d41d.eot]
[crypto-admin-templates.multipurposethemes.com/sass/dark-multi/css/icons/linea-icons/fonts/linea-basic-10.woff]
[crypto-admin-templates.multipurposethemes.com/sass/dark-multi/css/icons/linea-icons/fonts/linea-basic-10.ttf]
[crypto-admin-templates.multipurposethemes.com/sass/dark-multi/css/icons/linea-icons/fonts/linea-basic-elaboration-10.eot]
[crypto-admin-templates.multipurposethemes.com/sass/dark-multi/css/icons/linea-icons/fonts/linea-basic-elaboration-10d41d.eot]
[crypto-admin-templates.multipurposethemes.com/sass/dark-multi/css/icons/linea-icons/fonts/linea-basic-elaboration-10.woff]
[crypto-admin-templates.multipurposethemes.com/sass/dark-multi/css/icons/linea-icons/fonts/linea-basic-elaboration-10.ttf]
[crypto-admin-templates.multipurposethemes.com/sass/dark-multi/css/icons/linea-icons/fonts/linea-ecommerce-10.eot]
[crypto-admin-templates.multipurposethemes.com/sass/dark-multi/css/icons/linea-icons/fonts/linea-ecommerce-10d41d.eot]
[crypto-admin-templates.multipurposethemes.com/sass/dark-multi/css/icons/linea-icons/fonts/linea-ecommerce-10.woff]
[crypto-admin-templates.multipurposethemes.com/sass/dark-multi/css/icons/linea-icons/fonts/linea-ecommerce-10.ttf]
[crypto-admin-templates.multipurposethemes.com/sass/dark-multi/css/icons/linea-icons/fonts/linea-music-10.eot]
[crypto-admin-templates.multipurposethemes.com/sass/dark-multi/css/icons/linea-icons/fonts/linea-music-10d41d.eot]
[crypto-admin-templates.multipurposethemes.com/sass/dark-multi/css/icons/linea-icons/fonts/linea-music-10.woff]
[crypto-admin-templates.multipurposethemes.com/sass/dark-multi/css/icons/linea-icons/fonts/linea-music-10.ttf]
[crypto-admin-templates.multipurposethemes.com/sass/dark-multi/css/icons/linea-icons/fonts/linea-software-10.eot]
[crypto-admin-templates.multipurposethemes.com/sass/dark-multi/css/icons/linea-icons/fonts/linea-software-10.woff]
[crypto-admin-templates.multipurposethemes.com/sass/dark-multi/css/icons/linea-icons/fonts/linea-software-10d41d.eot]
[crypto-admin-templates.multipurposethemes.com/sass/dark-multi/css/icons/linea-icons/fonts/linea-software-10.ttf]
[crypto-admin-templates.multipurposethemes.com/sass/dark-multi/css/icons/linea-icons/fonts/linea-weather-10.eot]
[crypto-admin-templates.multipurposethemes.com/sass/dark-multi/css/icons/linea-icons/fonts/linea-weather-10d41d.eot]
[crypto-admin-templates.multipurposethemes.com/sass/dark-multi/css/icons/linea-icons/fonts/linea-weather-10.woff]
[crypto-admin-templates.multipurposethemes.com/sass/dark-multi/css/icons/linea-icons/fonts/linea-weather-10.ttf]
[crypto-admin-templates.multipurposethemes.com/sass/dark-multi/css/icons/linea-icons/linea.css]
[crypto-admin-templates.multipurposethemes.com/sass/dark-multi/css/icons/glyphicons/glyphicons-halflings-regular.eot]
[crypto-admin-templates.multipurposethemes.com/sass/dark-multi/css/icons/glyphicons/glyphicons-halflings-regulard41d.eot]
[crypto-admin-templates.multipurposethemes.com/sass/dark-multi/css/icons/glyphicons/glyphicons-halflings-regular.woff2]
[crypto-admin-templates.multipurposethemes.com/sass/dark-multi/css/icons/glyphicons/glyphicons-halflings-regular.woff]
[crypto-admin-templates.multipurposethemes.com/sass/dark-multi/css/icons/glyphicons/glyphicons-halflings-regular.ttf]
[crypto-admin-templates.multipurposethemes.com/sass/dark-multi/css/icons/glyphicons/glyphicon.css]
[crypto-admin-templates.multipurposethemes.com/sass/dark-multi/css/icons/flag-icon-css/css/flag-icon.css]
[crypto-admin-templates.multipurposethemes.com/sass/dark-multi/css/icons/material-design-iconic-font/fonts/materialdesignicons-webfontdf71.eot]
[crypto-admin-templates.multipurposethemes.com/sass/dark-multi/css/icons/material-design-iconic-font/fonts/materialdesignicons-webfontd41d.eot]
[crypto-admin-templates.multipurposethemes.com/sass/dark-multi/css/icons/material-design-iconic-font/fonts/materialdesignicons-webfontdf71.woff2]
[crypto-admin-templates.multipurposethemes.com/sass/dark-multi/css/icons/material-design-iconic-font/fonts/materialdesignicons-webfontdf71.woff]
[crypto-admin-templates.multipurposethemes.com/sass/dark-multi/css/icons/material-design-iconic-font/fonts/materialdesignicons-webfontdf71.ttf]
[crypto-admin-templates.multipurposethemes.com/sass/dark-multi/css/icons/material-design-iconic-font/css/materialdesignicons.css]
[crypto-admin-templates.multipurposethemes.com/sass/dark-multi/css/icons/simple-line-icons/fonts/Simple-Line-Iconsb26c.eot]
[crypto-admin-templates.multipurposethemes.com/sass/dark-multi/css/icons/simple-line-icons/fonts/Simple-Line-Iconsb26c.woff2]
[crypto-admin-templates.multipurposethemes.com/sass/dark-multi/css/icons/simple-line-icons/fonts/Simple-Line-Iconsb26c.ttf]
[crypto-admin-templates.multipurposethemes.com/sass/dark-multi/css/icons/simple-line-icons/fonts/Simple-Line-Iconsb26c.woff]
[crypto-admin-templates.multipurposethemes.com/sass/dark-multi/css/icons/simple-line-icons/css/simple-line-icons.css]
[crypto-admin-templates.multipurposethemes.com/sass/dark-multi/css/icons/cryptocoins-master/cryptocoins.woff2]
[crypto-admin-templates.multipurposethemes.com/sass/dark-multi/css/icons/cryptocoins-master/cryptocoins.woff]
[crypto-admin-templates.multipurposethemes.com/sass/dark-multi/css/icons/cryptocoins-master/cryptocoins.css]
[crypto-admin-templates.multipurposethemes.com/sass/dark-multi/css/icons/cryptocoins-master/cryptocoins.ttf]
[crypto-admin-templates.multipurposethemes.com/sass/dark-multi/css/icons/weather-icons/fonts/weathericons-regular-webfont.eot]
[crypto-admin-templates.multipurposethemes.com/sass/dark-multi/css/icons/weather-icons/css/weather-icons.min.css]
[crypto-admin-templates.multipurposethemes.com/sass/dark-multi/css/icons/iconsmind/icomoonca27.eot]
[crypto-admin-templates.multipurposethemes.com/sass/dark-multi/css/icons/iconsmind/icomoond41d.eot]
[crypto-admin-templates.multipurposethemes.com/sass/dark-multi/css/icons/iconsmind/icomoonca27.woff]
[crypto-admin-templates.multipurposethemes.com/sass/dark-multi/css/icons/iconsmind/icomoonca27.ttf]
[crypto-admin-templates.multipurposethemes.com/sass/dark-multi/css/icons/iconsmind/style.css]
[crypto-admin-templates.multipurposethemes.com/sass/dark-multi/pages/profile.html]
[crypto-admin-templates.multipurposethemes.com/sass/dark-multi/content/utilities-color.html]
[crypto-admin-templates.multipurposethemes.com/sass/dark-multi/ui/general.html]
[crypto-admin-templates.multipurposethemes.com/sass/dark-multi/pages/email_welcome.html]
[crypto-admin-templates.multipurposethemes.com/sass/dark-multi/pages/email_verify_email.html]
[crypto-admin-templates.multipurposethemes.com/sass/dark-multi/pages/email_change_pass.html]
[crypto-admin-templates.multipurposethemes.com/sass/dark-multi/pages/email_update.html]
[crypto-admin-templates.multipurposethemes.com/sass/dark-multi/pages/email_expired_card.html]
[crypto-admin-templates.multipurposethemes.com/sass/dark-multi/pages/email_closed_account.html]
[crypto-admin-templates.multipurposethemes.com/sass/dark-multi/pages/sample_coming_soon_1.html]
[crypto-admin-templates.multipurposethemes.com/sass/dark-multi/pages/sample_coming_soon_2.html]
[crypto-admin-templates.multipurposethemes.com/sass/dark-multi/pages/sample_coming_soon_3.html]
[crypto-admin-templates.multipurposethemes.com/sass/dark-multi/pages/www.youtube.com/watch7d1c.html]
[crypto-admin-templates.multipurposethemes.com/sass/dark-multi/css/icons/font-awesome/fonts/fontawesome-webfont3e6e.ttf]
[crypto-admin-templates.multipurposethemes.com/sass/dark-multi/js/pages/coundown-timer.js]
[crypto-admin-templates.multipurposethemes.com/sass/dark-multi/css/icons/font-awesome/fonts/fontawesome-webfont3e6e.svg]
[crypto-admin-templates.multipurposethemes.com/sass/dark-multi/css/icons/Ionicons/fonts/ionicons28b5.eot]
[crypto-admin-templates.multipurposethemes.com/sass/dark-multi/css/icons/Ionicons/fonts/ionicons28b5.svg]
[crypto-admin-templates.multipurposethemes.com/sass/dark-multi/css/icons/themify-icons/fonts/themify9f24.svg]
[crypto-admin-templates.multipurposethemes.com/sass/dark-multi/css/icons/linea-icons/fonts/linea-arrows-10.svg]
[crypto-admin-templates.multipurposethemes.com/sass/dark-multi/css/icons/linea-icons/fonts/linea-basic-10.svg]
[crypto-admin-templates.multipurposethemes.com/sass/dark-multi/css/icons/linea-icons/fonts/linea-basic-elaboration-10.svg]
[crypto-admin-templates.multipurposethemes.com/sass/dark-multi/css/icons/linea-icons/fonts/linea-ecommerce-10.svg]
[crypto-admin-templates.multipurposethemes.com/sass/dark-multi/css/icons/linea-icons/fonts/linea-music-10.svg]
[crypto-admin-templates.multipurposethemes.com/sass/dark-multi/css/icons/linea-icons/fonts/linea-software-10.svg]
[crypto-admin-templates.multipurposethemes.com/sass/dark-multi/css/icons/linea-icons/fonts/linea-weather-10.svg]
[crypto-admin-templates.multipurposethemes.com/sass/dark-multi/css/icons/glyphicons/glyphicons-halflings-regular.svg]
[crypto-admin-templates.multipurposethemes.com/sass/dark-multi/css/icons/flag-icon-css/flags/4x3/ad.svg]
[crypto-admin-templates.multipurposethemes.com/sass/dark-multi/css/icons/flag-icon-css/flags/1x1/ad.svg]
[crypto-admin-templates.multipurposethemes.com/sass/dark-multi/css/icons/flag-icon-css/flags/4x3/ae.svg]
[crypto-admin-templates.multipurposethemes.com/sass/dark-multi/css/icons/flag-icon-css/flags/1x1/ae.svg]
[crypto-admin-templates.multipurposethemes.com/sass/dark-multi/css/icons/flag-icon-css/flags/4x3/af.svg]
[crypto-admin-templates.multipurposethemes.com/sass/dark-multi/css/icons/flag-icon-css/flags/1x1/af.svg]
[crypto-admin-templates.multipurposethemes.com/sass/dark-multi/css/icons/flag-icon-css/flags/4x3/ag.svg]
[crypto-admin-templates.multipurposethemes.com/sass/dark-multi/css/icons/flag-icon-css/flags/1x1/ag.svg]
[crypto-admin-templates.multipurposethemes.com/sass/dark-multi/css/icons/flag-icon-css/flags/4x3/ai.svg]
[crypto-admin-templates.multipurposethemes.com/sass/dark-multi/css/icons/flag-icon-css/flags/1x1/ai.svg]
[crypto-admin-templates.multipurposethemes.com/sass/dark-multi/css/icons/flag-icon-css/flags/4x3/al.svg]
[crypto-admin-templates.multipurposethemes.com/sass/dark-multi/css/icons/flag-icon-css/flags/1x1/al.svg]
[crypto-admin-templates.multipurposethemes.com/sass/dark-multi/css/icons/flag-icon-css/flags/4x3/am.svg]
[crypto-admin-templates.multipurposethemes.com/sass/dark-multi/css/icons/flag-icon-css/flags/1x1/am.svg]
[crypto-admin-templates.multipurposethemes.com/sass/dark-multi/css/icons/flag-icon-css/flags/4x3/ao.svg]
[crypto-admin-templates.multipurposethemes.com/sass/dark-multi/css/icons/flag-icon-css/flags/1x1/ao.svg]
[crypto-admin-templates.multipurposethemes.com/sass/dark-multi/css/icons/flag-icon-css/flags/4x3/aq.svg]
[crypto-admin-templates.multipurposethemes.com/sass/dark-multi/css/icons/flag-icon-css/flags/1x1/aq.svg]
[crypto-admin-templates.multipurposethemes.com/sass/dark-multi/css/icons/flag-icon-css/flags/4x3/ar.svg]
[crypto-admin-templates.multipurposethemes.com/sass/dark-multi/css/icons/flag-icon-css/flags/1x1/ar.svg]
[crypto-admin-templates.multipurposethemes.com/sass/dark-multi/css/icons/flag-icon-css/flags/4x3/as.svg]
[crypto-admin-templates.multipurposethemes.com/sass/dark-multi/css/icons/flag-icon-css/flags/1x1/as.svg]
[crypto-admin-templates.multipurposethemes.com/sass/dark-multi/css/icons/flag-icon-css/flags/4x3/at.svg]
[crypto-admin-templates.multipurposethemes.com/sass/dark-multi/css/icons/flag-icon-css/flags/1x1/at.svg]
[crypto-admin-templates.multipurposethemes.com/sass/dark-multi/css/icons/flag-icon-css/flags/4x3/au.svg]
[crypto-admin-templates.multipurposethemes.com/sass/dark-multi/css/icons/flag-icon-css/flags/1x1/au.svg]
[crypto-admin-templates.multipurposethemes.com/sass/dark-multi/css/icons/flag-icon-css/flags/4x3/aw.svg]
[crypto-admin-templates.multipurposethemes.com/sass/dark-multi/css/icons/flag-icon-css/flags/1x1/aw.svg]
[crypto-admin-templates.multipurposethemes.com/sass/dark-multi/css/icons/flag-icon-css/flags/4x3/ax.svg]
[crypto-admin-templates.multipurposethemes.com/sass/dark-multi/css/icons/flag-icon-css/flags/1x1/ax.svg]
[crypto-admin-templates.multipurposethemes.com/sass/dark-multi/css/icons/flag-icon-css/flags/4x3/az.svg]
[crypto-admin-templates.multipurposethemes.com/sass/dark-multi/css/icons/flag-icon-css/flags/1x1/az.svg]
[crypto-admin-templates.multipurposethemes.com/sass/dark-multi/css/icons/flag-icon-css/flags/4x3/ba.svg]
[crypto-admin-templates.multipurposethemes.com/sass/dark-multi/css/icons/flag-icon-css/flags/1x1/ba.svg]
[crypto-admin-templates.multipurposethemes.com/sass/dark-multi/css/icons/flag-icon-css/flags/4x3/bb.svg]
[crypto-admin-templates.multipurposethemes.com/sass/dark-multi/css/icons/flag-icon-css/flags/1x1/bb.svg]
[crypto-admin-templates.multipurposethemes.com/sass/dark-multi/css/icons/flag-icon-css/flags/4x3/bd.svg]
[crypto-admin-templates.multipurposethemes.com/sass/dark-multi/css/icons/flag-icon-css/flags/1x1/bd.svg]
[crypto-admin-templates.multipurposethemes.com/sass/dark-multi/css/icons/flag-icon-css/flags/4x3/be.svg]
[crypto-admin-templates.multipurposethemes.com/sass/dark-multi/css/icons/flag-icon-css/flags/1x1/be.svg]
[crypto-admin-templates.multipurposethemes.com/sass/dark-multi/css/icons/flag-icon-css/flags/4x3/bf.svg]
[crypto-admin-templates.multipurposethemes.com/sass/dark-multi/css/icons/flag-icon-css/flags/1x1/bf.svg]
[crypto-admin-templates.multipurposethemes.com/sass/dark-multi/css/icons/flag-icon-css/flags/4x3/bg.svg]
[crypto-admin-templates.multipurposethemes.com/sass/dark-multi/css/icons/flag-icon-css/flags/1x1/bg.svg]
[crypto-admin-templates.multipurposethemes.com/sass/dark-multi/css/icons/flag-icon-css/flags/4x3/bh.svg]
[crypto-admin-templates.multipurposethemes.com/sass/dark-multi/css/icons/flag-icon-css/flags/1x1/bh.svg]
[crypto-admin-templates.multipurposethemes.com/sass/dark-multi/css/icons/flag-icon-css/flags/4x3/bi.svg]
[crypto-admin-templates.multipurposethemes.com/sass/dark-multi/css/icons/flag-icon-css/flags/1x1/bi.svg]
[crypto-admin-templates.multipurposethemes.com/sass/dark-multi/css/icons/flag-icon-css/flags/4x3/bj.svg]
[crypto-admin-templates.multipurposethemes.com/sass/dark-multi/css/icons/flag-icon-css/flags/1x1/bj.svg]
[crypto-admin-templates.multipurposethemes.com/sass/dark-multi/css/icons/flag-icon-css/flags/4x3/bl.svg]
[crypto-admin-templates.multipurposethemes.com/sass/dark-multi/css/icons/flag-icon-css/flags/1x1/bl.svg]
[crypto-admin-templates.multipurposethemes.com/sass/dark-multi/css/icons/flag-icon-css/flags/4x3/bm.svg]
[crypto-admin-templates.multipurposethemes.com/sass/dark-multi/css/icons/flag-icon-css/flags/1x1/bm.svg]
[crypto-admin-templates.multipurposethemes.com/sass/dark-multi/css/icons/flag-icon-css/flags/4x3/bn.svg]
[crypto-admin-templates.multipurposethemes.com/sass/dark-multi/css/icons/flag-icon-css/flags/1x1/bn.svg]
[crypto-admin-templates.multipurposethemes.com/sass/dark-multi/css/icons/flag-icon-css/flags/4x3/bo.svg]
[crypto-admin-templates.multipurposethemes.com/sass/dark-multi/css/icons/flag-icon-css/flags/1x1/bo.svg]
[crypto-admin-templates.multipurposethemes.com/sass/dark-multi/css/icons/flag-icon-css/flags/4x3/bq.svg]
[crypto-admin-templates.multipurposethemes.com/sass/dark-multi/css/icons/flag-icon-css/flags/1x1/bq.svg]
[crypto-admin-templates.multipurposethemes.com/sass/dark-multi/css/icons/flag-icon-css/flags/4x3/br.svg]
[crypto-admin-templates.multipurposethemes.com/sass/dark-multi/css/icons/flag-icon-css/flags/1x1/br.svg]
[crypto-admin-templates.multipurposethemes.com/sass/dark-multi/css/icons/flag-icon-css/flags/4x3/bs.svg]
[crypto-admin-templates.multipurposethemes.com/sass/dark-multi/css/icons/flag-icon-css/flags/1x1/bs.svg]
[crypto-admin-templates.multipurposethemes.com/sass/dark-multi/css/icons/flag-icon-css/flags/4x3/bt.svg]
[crypto-admin-templates.multipurposethemes.com/sass/dark-multi/css/icons/flag-icon-css/flags/1x1/bt.svg]
[crypto-admin-templates.multipurposethemes.com/sass/dark-multi/css/icons/flag-icon-css/flags/4x3/bv.svg]
[crypto-admin-templates.multipurposethemes.com/sass/dark-multi/css/icons/flag-icon-css/flags/1x1/bv.svg]
[crypto-admin-templates.multipurposethemes.com/sass/dark-multi/css/icons/flag-icon-css/flags/4x3/bw.svg]
[crypto-admin-templates.multipurposethemes.com/sass/dark-multi/css/icons/flag-icon-css/flags/1x1/bw.svg]
[crypto-admin-templates.multipurposethemes.com/sass/dark-multi/css/icons/flag-icon-css/flags/4x3/by.svg]
[crypto-admin-templates.multipurposethemes.com/sass/dark-multi/css/icons/flag-icon-css/flags/1x1/by.svg]
[crypto-admin-templates.multipurposethemes.com/sass/dark-multi/css/icons/flag-icon-css/flags/4x3/bz.svg]
[crypto-admin-templates.multipurposethemes.com/sass/dark-multi/css/icons/flag-icon-css/flags/1x1/bz.svg]
[crypto-admin-templates.multipurposethemes.com/sass/dark-multi/css/icons/flag-icon-css/flags/4x3/ca.svg]
[crypto-admin-templates.multipurposethemes.com/sass/dark-multi/css/icons/flag-icon-css/flags/1x1/ca.svg]
[crypto-admin-templates.multipurposethemes.com/sass/dark-multi/css/icons/flag-icon-css/flags/4x3/cc.svg]
[crypto-admin-templates.multipurposethemes.com/sass/dark-multi/css/icons/flag-icon-css/flags/1x1/cc.svg]
[crypto-admin-templates.multipurposethemes.com/sass/dark-multi/css/icons/flag-icon-css/flags/4x3/cd.svg]
[crypto-admin-templates.multipurposethemes.com/sass/dark-multi/css/icons/flag-icon-css/flags/1x1/cd.svg]
[crypto-admin-templates.multipurposethemes.com/sass/dark-multi/css/icons/flag-icon-css/flags/4x3/cf.svg]
[crypto-admin-templates.multipurposethemes.com/sass/dark-multi/css/icons/flag-icon-css/flags/1x1/cf.svg]
[crypto-admin-templates.multipurposethemes.com/sass/dark-multi/css/icons/flag-icon-css/flags/4x3/cg.svg]
[crypto-admin-templates.multipurposethemes.com/sass/dark-multi/css/icons/flag-icon-css/flags/1x1/cg.svg]
[crypto-admin-templates.multipurposethemes.com/sass/dark-multi/css/icons/flag-icon-css/flags/4x3/ch.svg]
[crypto-admin-templates.multipurposethemes.com/sass/dark-multi/css/icons/flag-icon-css/flags/1x1/ch.svg]
[crypto-admin-templates.multipurposethemes.com/sass/dark-multi/css/icons/flag-icon-css/flags/4x3/ci.svg]
[crypto-admin-templates.multipurposethemes.com/sass/dark-multi/css/icons/flag-icon-css/flags/1x1/ci.svg]
[crypto-admin-templates.multipurposethemes.com/sass/dark-multi/css/icons/flag-icon-css/flags/4x3/ck.svg]
[crypto-admin-templates.multipurposethemes.com/sass/dark-multi/css/icons/flag-icon-css/flags/1x1/ck.svg]
[crypto-admin-templates.multipurposethemes.com/sass/dark-multi/css/icons/flag-icon-css/flags/4x3/cl.svg]
[crypto-admin-templates.multipurposethemes.com/sass/dark-multi/css/icons/flag-icon-css/flags/1x1/cl.svg]
[crypto-admin-templates.multipurposethemes.com/sass/dark-multi/css/icons/flag-icon-css/flags/4x3/cm.svg]
[crypto-admin-templates.multipurposethemes.com/sass/dark-multi/css/icons/flag-icon-css/flags/1x1/cm.svg]
[crypto-admin-templates.multipurposethemes.com/sass/dark-multi/css/icons/flag-icon-css/flags/4x3/cn.svg]
[crypto-admin-templates.multipurposethemes.com/sass/dark-multi/css/icons/flag-icon-css/flags/1x1/cn.svg]
[crypto-admin-templates.multipurposethemes.com/sass/dark-multi/css/icons/flag-icon-css/flags/4x3/co.svg]
[crypto-admin-templates.multipurposethemes.com/sass/dark-multi/css/icons/flag-icon-css/flags/1x1/co.svg]
[crypto-admin-templates.multipurposethemes.com/sass/dark-multi/css/icons/flag-icon-css/flags/4x3/cr.svg]
[crypto-admin-templates.multipurposethemes.com/sass/dark-multi/css/icons/flag-icon-css/flags/1x1/cr.svg]
[crypto-admin-templates.multipurposethemes.com/sass/dark-multi/css/icons/flag-icon-css/flags/4x3/cu.svg]
[crypto-admin-templates.multipurposethemes.com/sass/dark-multi/css/icons/flag-icon-css/flags/1x1/cu.svg]
[crypto-admin-templates.multipurposethemes.com/sass/dark-multi/css/icons/flag-icon-css/flags/4x3/cv.svg]
[crypto-admin-templates.multipurposethemes.com/sass/dark-multi/css/icons/flag-icon-css/flags/1x1/cv.svg]
[crypto-admin-templates.multipurposethemes.com/sass/dark-multi/css/icons/flag-icon-css/flags/4x3/cw.svg]
[crypto-admin-templates.multipurposethemes.com/sass/dark-multi/css/icons/flag-icon-css/flags/1x1/cw.svg]
[crypto-admin-templates.multipurposethemes.com/sass/dark-multi/css/icons/flag-icon-css/flags/4x3/cx.svg]
[crypto-admin-templates.multipurposethemes.com/sass/dark-multi/css/icons/flag-icon-css/flags/1x1/cx.svg]
[crypto-admin-templates.multipurposethemes.com/sass/dark-multi/css/icons/flag-icon-css/flags/4x3/cy.svg]
[crypto-admin-templates.multipurposethemes.com/sass/dark-multi/css/icons/flag-icon-css/flags/1x1/cy.svg]
[crypto-admin-templates.multipurposethemes.com/sass/dark-multi/css/icons/flag-icon-css/flags/4x3/cz.svg]
[crypto-admin-templates.multipurposethemes.com/sass/dark-multi/css/icons/flag-icon-css/flags/1x1/cz.svg]
[crypto-admin-templates.multipurposethemes.com/sass/dark-multi/css/icons/flag-icon-css/flags/4x3/de.svg]
[crypto-admin-templates.multipurposethemes.com/sass/dark-multi/css/icons/flag-icon-css/flags/1x1/de.svg]
[crypto-admin-templates.multipurposethemes.com/sass/dark-multi/css/icons/flag-icon-css/flags/4x3/dj.svg]
[crypto-admin-templates.multipurposethemes.com/sass/dark-multi/css/icons/flag-icon-css/flags/1x1/dj.svg]
[crypto-admin-templates.multipurposethemes.com/sass/dark-multi/css/icons/flag-icon-css/flags/4x3/dk.svg]
[crypto-admin-templates.multipurposethemes.com/sass/dark-multi/css/icons/flag-icon-css/flags/1x1/dk.svg]
[crypto-admin-templates.multipurposethemes.com/sass/dark-multi/css/icons/flag-icon-css/flags/4x3/dm.svg]
[crypto-admin-templates.multipurposethemes.com/sass/dark-multi/css/icons/flag-icon-css/flags/1x1/dm.svg]
[crypto-admin-templates.multipurposethemes.com/sass/dark-multi/css/icons/flag-icon-css/flags/4x3/do.svg]
[crypto-admin-templates.multipurposethemes.com/sass/dark-multi/css/icons/flag-icon-css/flags/1x1/do.svg]
[crypto-admin-templates.multipurposethemes.com/sass/dark-multi/css/icons/flag-icon-css/flags/4x3/dz.svg]
[crypto-admin-templates.multipurposethemes.com/sass/dark-multi/css/icons/flag-icon-css/flags/1x1/dz.svg]
[crypto-admin-templates.multipurposethemes.com/sass/dark-multi/css/icons/flag-icon-css/flags/4x3/ec.svg]
[crypto-admin-templates.multipurposethemes.com/sass/dark-multi/css/icons/flag-icon-css/flags/1x1/ec.svg]
[crypto-admin-templates.multipurposethemes.com/sass/dark-multi/css/icons/flag-icon-css/flags/4x3/ee.svg]
[crypto-admin-templates.multipurposethemes.com/sass/dark-multi/css/icons/flag-icon-css/flags/1x1/ee.svg]
[crypto-admin-templates.multipurposethemes.com/sass/dark-multi/css/icons/flag-icon-css/flags/4x3/eg.svg]
[crypto-admin-templates.multipurposethemes.com/sass/dark-multi/css/icons/flag-icon-css/flags/1x1/eg.svg]
[crypto-admin-templates.multipurposethemes.com/sass/dark-multi/css/icons/flag-icon-css/flags/4x3/eh.svg]
[crypto-admin-templates.multipurposethemes.com/sass/dark-multi/css/icons/flag-icon-css/flags/1x1/eh.svg]
[crypto-admin-templates.multipurposethemes.com/sass/dark-multi/css/icons/flag-icon-css/flags/4x3/er.svg]
[crypto-admin-templates.multipurposethemes.com/sass/dark-multi/css/icons/flag-icon-css/flags/1x1/er.svg]
[crypto-admin-templates.multipurposethemes.com/sass/dark-multi/css/icons/flag-icon-css/flags/4x3/es.svg]
[crypto-admin-templates.multipurposethemes.com/sass/dark-multi/css/icons/flag-icon-css/flags/1x1/es.svg]
[crypto-admin-templates.multipurposethemes.com/sass/dark-multi/css/icons/flag-icon-css/flags/4x3/et.svg]
[crypto-admin-templates.multipurposethemes.com/sass/dark-multi/css/icons/flag-icon-css/flags/1x1/et.svg]
[crypto-admin-templates.multipurposethemes.com/sass/dark-multi/css/icons/flag-icon-css/flags/4x3/fi.svg]
[crypto-admin-templates.multipurposethemes.com/sass/dark-multi/css/icons/flag-icon-css/flags/1x1/fi.svg]
[crypto-admin-templates.multipurposethemes.com/sass/dark-multi/css/icons/flag-icon-css/flags/4x3/fj.svg]
[crypto-admin-templates.multipurposethemes.com/sass/dark-multi/css/icons/flag-icon-css/flags/1x1/fj.svg]
[crypto-admin-templates.multipurposethemes.com/sass/dark-multi/css/icons/flag-icon-css/flags/4x3/fk.svg]
[crypto-admin-templates.multipurposethemes.com/sass/dark-multi/css/icons/flag-icon-css/flags/1x1/fk.svg]
[crypto-admin-templates.multipurposethemes.com/sass/dark-multi/css/icons/flag-icon-css/flags/4x3/fm.svg]
[crypto-admin-templates.multipurposethemes.com/sass/dark-multi/css/icons/flag-icon-css/flags/1x1/fm.svg]
[crypto-admin-templates.multipurposethemes.com/sass/dark-multi/css/icons/flag-icon-css/flags/4x3/fo.svg]
[crypto-admin-templates.multipurposethemes.com/sass/dark-multi/css/icons/flag-icon-css/flags/1x1/fo.svg]
[crypto-admin-templates.multipurposethemes.com/sass/dark-multi/css/icons/flag-icon-css/flags/4x3/fr.svg]
[crypto-admin-templates.multipurposethemes.com/sass/dark-multi/css/icons/flag-icon-css/flags/1x1/fr.svg]
[crypto-admin-templates.multipurposethemes.com/sass/dark-multi/css/icons/flag-icon-css/flags/4x3/ga.svg]
[crypto-admin-templates.multipurposethemes.com/sass/dark-multi/css/icons/flag-icon-css/flags/1x1/ga.svg]
[crypto-admin-templates.multipurposethemes.com/sass/dark-multi/css/icons/flag-icon-css/flags/4x3/gb.svg]
[crypto-admin-templates.multipurposethemes.com/sass/dark-multi/css/icons/flag-icon-css/flags/1x1/gb.svg]
[crypto-admin-templates.multipurposethemes.com/sass/dark-multi/css/icons/flag-icon-css/flags/4x3/gd.svg]
[crypto-admin-templates.multipurposethemes.com/sass/dark-multi/css/icons/flag-icon-css/flags/1x1/gd.svg]
[crypto-admin-templates.multipurposethemes.com/sass/dark-multi/css/icons/flag-icon-css/flags/4x3/ge.svg]
[crypto-admin-templates.multipurposethemes.com/sass/dark-multi/css/icons/flag-icon-css/flags/1x1/ge.svg]
[crypto-admin-templates.multipurposethemes.com/sass/dark-multi/css/icons/flag-icon-css/flags/4x3/gf.svg]
[crypto-admin-templates.multipurposethemes.com/sass/dark-multi/css/icons/flag-icon-css/flags/1x1/gf.svg]
[crypto-admin-templates.multipurposethemes.com/sass/dark-multi/css/icons/flag-icon-css/flags/4x3/gg.svg]
[crypto-admin-templates.multipurposethemes.com/sass/dark-multi/css/icons/flag-icon-css/flags/1x1/gg.svg]
[crypto-admin-templates.multipurposethemes.com/sass/dark-multi/css/icons/flag-icon-css/flags/4x3/gh.svg]
[crypto-admin-templates.multipurposethemes.com/sass/dark-multi/css/icons/flag-icon-css/flags/1x1/gh.svg]
[crypto-admin-templates.multipurposethemes.com/sass/dark-multi/css/icons/flag-icon-css/flags/4x3/gi.svg]
[crypto-admin-templates.multipurposethemes.com/sass/dark-multi/css/icons/flag-icon-css/flags/1x1/gi.svg]
[crypto-admin-templates.multipurposethemes.com/sass/dark-multi/css/icons/flag-icon-css/flags/4x3/gl.svg]
[crypto-admin-templates.multipurposethemes.com/sass/dark-multi/css/icons/flag-icon-css/flags/1x1/gl.svg]
[crypto-admin-templates.multipurposethemes.com/sass/dark-multi/css/icons/flag-icon-css/flags/4x3/gm.svg]
[crypto-admin-templates.multipurposethemes.com/sass/dark-multi/css/icons/flag-icon-css/flags/1x1/gm.svg]
[crypto-admin-templates.multipurposethemes.com/sass/dark-multi/css/icons/flag-icon-css/flags/4x3/gn.svg]
[crypto-admin-templates.multipurposethemes.com/sass/dark-multi/css/icons/flag-icon-css/flags/1x1/gn.svg]
[crypto-admin-templates.multipurposethemes.com/sass/dark-multi/css/icons/flag-icon-css/flags/4x3/gp.svg]
[crypto-admin-templates.multipurposethemes.com/sass/dark-multi/css/icons/flag-icon-css/flags/1x1/gp.svg]
[crypto-admin-templates.multipurposethemes.com/sass/dark-multi/css/icons/flag-icon-css/flags/4x3/gq.svg]
[crypto-admin-templates.multipurposethemes.com/sass/dark-multi/css/icons/flag-icon-css/flags/1x1/gq.svg]
[crypto-admin-templates.multipurposethemes.com/sass/dark-multi/css/icons/flag-icon-css/flags/4x3/gr.svg]
[crypto-admin-templates.multipurposethemes.com/sass/dark-multi/css/icons/flag-icon-css/flags/1x1/gr.svg]
[crypto-admin-templates.multipurposethemes.com/sass/dark-multi/css/icons/flag-icon-css/flags/4x3/gs.svg]
[crypto-admin-templates.multipurposethemes.com/sass/dark-multi/css/icons/flag-icon-css/flags/1x1/gs.svg]
[crypto-admin-templates.multipurposethemes.com/sass/dark-multi/css/icons/flag-icon-css/flags/4x3/gt.svg]
[crypto-admin-templates.multipurposethemes.com/sass/dark-multi/css/icons/flag-icon-css/flags/1x1/gt.svg]
[crypto-admin-templates.multipurposethemes.com/sass/dark-multi/css/icons/flag-icon-css/flags/4x3/gu.svg]
[crypto-admin-templates.multipurposethemes.com/sass/dark-multi/css/icons/flag-icon-css/flags/1x1/gu.svg]
[crypto-admin-templates.multipurposethemes.com/sass/dark-multi/css/icons/flag-icon-css/flags/4x3/gw.svg]
[crypto-admin-templates.multipurposethemes.com/sass/dark-multi/css/icons/flag-icon-css/flags/1x1/gw.svg]
[crypto-admin-templates.multipurposethemes.com/sass/dark-multi/css/icons/flag-icon-css/flags/4x3/gy.svg]
[crypto-admin-templates.multipurposethemes.com/sass/dark-multi/css/icons/flag-icon-css/flags/1x1/gy.svg]
[crypto-admin-templates.multipurposethemes.com/sass/dark-multi/css/icons/flag-icon-css/flags/4x3/hk.svg]
[crypto-admin-templates.multipurposethemes.com/sass/dark-multi/css/icons/flag-icon-css/flags/1x1/hk.svg]
[crypto-admin-templates.multipurposethemes.com/sass/dark-multi/css/icons/flag-icon-css/flags/4x3/hm.svg]
[crypto-admin-templates.multipurposethemes.com/sass/dark-multi/css/icons/flag-icon-css/flags/1x1/hm.svg]
[crypto-admin-templates.multipurposethemes.com/sass/dark-multi/css/icons/flag-icon-css/flags/4x3/hn.svg]
[crypto-admin-templates.multipurposethemes.com/sass/dark-multi/css/icons/flag-icon-css/flags/1x1/hn.svg]
[crypto-admin-templates.multipurposethemes.com/sass/dark-multi/css/icons/flag-icon-css/flags/4x3/hr.svg]
[crypto-admin-templates.multipurposethemes.com/sass/dark-multi/css/icons/flag-icon-css/flags/1x1/hr.svg]
[crypto-admin-templates.multipurposethemes.com/sass/dark-multi/css/icons/flag-icon-css/flags/4x3/ht.svg]
[crypto-admin-templates.multipurposethemes.com/sass/dark-multi/css/icons/flag-icon-css/flags/1x1/ht.svg]
[crypto-admin-templates.multipurposethemes.com/sass/dark-multi/css/icons/flag-icon-css/flags/4x3/hu.svg]
[crypto-admin-templates.multipurposethemes.com/sass/dark-multi/css/icons/flag-icon-css/flags/1x1/hu.svg]
[crypto-admin-templates.multipurposethemes.com/sass/dark-multi/css/icons/flag-icon-css/flags/4x3/id.svg]
[crypto-admin-templates.multipurposethemes.com/sass/dark-multi/css/icons/flag-icon-css/flags/1x1/id.svg]
[crypto-admin-templates.multipurposethemes.com/sass/dark-multi/css/icons/flag-icon-css/flags/4x3/ie.svg]
[crypto-admin-templates.multipurposethemes.com/sass/dark-multi/css/icons/flag-icon-css/flags/1x1/ie.svg]
[crypto-admin-templates.multipurposethemes.com/sass/dark-multi/css/icons/flag-icon-css/flags/4x3/il.svg]
[crypto-admin-templates.multipurposethemes.com/sass/dark-multi/css/icons/flag-icon-css/flags/1x1/il.svg]
[crypto-admin-templates.multipurposethemes.com/sass/dark-multi/css/icons/flag-icon-css/flags/4x3/im.svg]
[crypto-admin-templates.multipurposethemes.com/sass/dark-multi/css/icons/flag-icon-css/flags/1x1/im.svg]
[crypto-admin-templates.multipurposethemes.com/sass/dark-multi/css/icons/flag-icon-css/flags/4x3/in.svg]
[crypto-admin-templates.multipurposethemes.com/sass/dark-multi/css/icons/flag-icon-css/flags/1x1/in.svg]
[crypto-admin-templates.multipurposethemes.com/sass/dark-multi/css/icons/flag-icon-css/flags/4x3/io.svg]
[crypto-admin-templates.multipurposethemes.com/sass/dark-multi/css/icons/flag-icon-css/flags/1x1/io.svg]
[crypto-admin-templates.multipurposethemes.com/sass/dark-multi/css/icons/flag-icon-css/flags/4x3/iq.svg]
[crypto-admin-templates.multipurposethemes.com/sass/dark-multi/css/icons/flag-icon-css/flags/1x1/iq.svg]
[crypto-admin-templates.multipurposethemes.com/sass/dark-multi/css/icons/flag-icon-css/flags/4x3/ir.svg]
[crypto-admin-templates.multipurposethemes.com/sass/dark-multi/css/icons/flag-icon-css/flags/1x1/ir.svg]
[crypto-admin-templates.multipurposethemes.com/sass/dark-multi/css/icons/flag-icon-css/flags/4x3/is.svg]
[crypto-admin-templates.multipurposethemes.com/sass/dark-multi/css/icons/flag-icon-css/flags/1x1/is.svg]
[crypto-admin-templates.multipurposethemes.com/sass/dark-multi/css/icons/flag-icon-css/flags/4x3/it.svg]
[crypto-admin-templates.multipurposethemes.com/sass/dark-multi/css/icons/flag-icon-css/flags/1x1/it.svg]
[crypto-admin-templates.multipurposethemes.com/sass/dark-multi/css/icons/flag-icon-css/flags/4x3/je.svg]
[crypto-admin-templates.multipurposethemes.com/sass/dark-multi/css/icons/flag-icon-css/flags/1x1/je.svg]
[crypto-admin-templates.multipurposethemes.com/sass/dark-multi/css/icons/flag-icon-css/flags/4x3/jm.svg]
[crypto-admin-templates.multipurposethemes.com/sass/dark-multi/css/icons/flag-icon-css/flags/1x1/jm.svg]
[crypto-admin-templates.multipurposethemes.com/sass/dark-multi/css/icons/flag-icon-css/flags/4x3/jo.svg]
[crypto-admin-templates.multipurposethemes.com/sass/dark-multi/css/icons/flag-icon-css/flags/1x1/jo.svg]
[crypto-admin-templates.multipurposethemes.com/sass/dark-multi/css/icons/flag-icon-css/flags/4x3/jp.svg]
[crypto-admin-templates.multipurposethemes.com/sass/dark-multi/css/icons/flag-icon-css/flags/1x1/jp.svg]
[crypto-admin-templates.multipurposethemes.com/sass/dark-multi/css/icons/flag-icon-css/flags/4x3/ke.svg]
[crypto-admin-templates.multipurposethemes.com/sass/dark-multi/css/icons/flag-icon-css/flags/1x1/ke.svg]
[crypto-admin-templates.multipurposethemes.com/sass/dark-multi/css/icons/flag-icon-css/flags/4x3/kg.svg]
[crypto-admin-templates.multipurposethemes.com/sass/dark-multi/css/icons/flag-icon-css/flags/1x1/kg.svg]
[crypto-admin-templates.multipurposethemes.com/sass/dark-multi/css/icons/flag-icon-css/flags/4x3/kh.svg]
[crypto-admin-templates.multipurposethemes.com/sass/dark-multi/css/icons/flag-icon-css/flags/1x1/kh.svg]
[crypto-admin-templates.multipurposethemes.com/sass/dark-multi/css/icons/flag-icon-css/flags/4x3/ki.svg]
[crypto-admin-templates.multipurposethemes.com/sass/dark-multi/css/icons/flag-icon-css/flags/1x1/ki.svg]
[crypto-admin-templates.multipurposethemes.com/sass/dark-multi/css/icons/flag-icon-css/flags/4x3/km.svg]
[crypto-admin-templates.multipurposethemes.com/sass/dark-multi/css/icons/flag-icon-css/flags/1x1/km.svg]
[crypto-admin-templates.multipurposethemes.com/sass/dark-multi/css/icons/flag-icon-css/flags/4x3/kn.svg]
[crypto-admin-templates.multipurposethemes.com/sass/dark-multi/css/icons/flag-icon-css/flags/1x1/kn.svg]
[crypto-admin-templates.multipurposethemes.com/sass/dark-multi/css/icons/flag-icon-css/flags/4x3/kp.svg]
[crypto-admin-templates.multipurposethemes.com/sass/dark-multi/css/icons/flag-icon-css/flags/1x1/kp.svg]
[crypto-admin-templates.multipurposethemes.com/sass/dark-multi/css/icons/flag-icon-css/flags/4x3/kr.svg]
[crypto-admin-templates.multipurposethemes.com/sass/dark-multi/css/icons/flag-icon-css/flags/1x1/kr.svg]
[crypto-admin-templates.multipurposethemes.com/sass/dark-multi/css/icons/flag-icon-css/flags/4x3/kw.svg]
[crypto-admin-templates.multipurposethemes.com/sass/dark-multi/css/icons/flag-icon-css/flags/1x1/kw.svg]
[crypto-admin-templates.multipurposethemes.com/sass/dark-multi/css/icons/flag-icon-css/flags/4x3/ky.svg]
[crypto-admin-templates.multipurposethemes.com/sass/dark-multi/css/icons/flag-icon-css/flags/1x1/ky.svg]
[crypto-admin-templates.multipurposethemes.com/sass/dark-multi/css/icons/flag-icon-css/flags/4x3/kz.svg]
[crypto-admin-templates.multipurposethemes.com/sass/dark-multi/css/icons/flag-icon-css/flags/1x1/kz.svg]
[crypto-admin-templates.multipurposethemes.com/sass/dark-multi/css/icons/flag-icon-css/flags/4x3/la.svg]
[crypto-admin-templates.multipurposethemes.com/sass/dark-multi/css/icons/flag-icon-css/flags/1x1/la.svg]
[crypto-admin-templates.multipurposethemes.com/sass/dark-multi/css/icons/flag-icon-css/flags/4x3/lb.svg]
[crypto-admin-templates.multipurposethemes.com/sass/dark-multi/css/icons/flag-icon-css/flags/1x1/lb.svg]
[crypto-admin-templates.multipurposethemes.com/sass/dark-multi/css/icons/flag-icon-css/flags/4x3/lc.svg]
[crypto-admin-templates.multipurposethemes.com/sass/dark-multi/css/icons/flag-icon-css/flags/1x1/lc.svg]
[crypto-admin-templates.multipurposethemes.com/sass/dark-multi/css/icons/flag-icon-css/flags/4x3/li.svg]
[crypto-admin-templates.multipurposethemes.com/sass/dark-multi/css/icons/flag-icon-css/flags/1x1/li.svg]
[crypto-admin-templates.multipurposethemes.com/sass/dark-multi/css/icons/flag-icon-css/flags/4x3/lk.svg]
[crypto-admin-templates.multipurposethemes.com/sass/dark-multi/css/icons/flag-icon-css/flags/1x1/lk.svg]
[crypto-admin-templates.multipurposethemes.com/sass/dark-multi/css/icons/flag-icon-css/flags/4x3/lr.svg]
[crypto-admin-templates.multipurposethemes.com/sass/dark-multi/css/icons/flag-icon-css/flags/1x1/lr.svg]
[crypto-admin-templates.multipurposethemes.com/sass/dark-multi/css/icons/flag-icon-css/flags/4x3/ls.svg]
[crypto-admin-templates.multipurposethemes.com/sass/dark-multi/css/icons/flag-icon-css/flags/1x1/ls.svg]
[crypto-admin-templates.multipurposethemes.com/sass/dark-multi/css/icons/flag-icon-css/flags/4x3/lt.svg]
[crypto-admin-templates.multipurposethemes.com/sass/dark-multi/css/icons/flag-icon-css/flags/1x1/lt.svg]
[crypto-admin-templates.multipurposethemes.com/sass/dark-multi/css/icons/flag-icon-css/flags/4x3/lu.svg]
[crypto-admin-templates.multipurposethemes.com/sass/dark-multi/css/icons/flag-icon-css/flags/1x1/lu.svg]
[crypto-admin-templates.multipurposethemes.com/sass/dark-multi/css/icons/flag-icon-css/flags/4x3/lv.svg]
[crypto-admin-templates.multipurposethemes.com/sass/dark-multi/css/icons/flag-icon-css/flags/1x1/lv.svg]
[crypto-admin-templates.multipurposethemes.com/sass/dark-multi/css/icons/flag-icon-css/flags/4x3/ly.svg]
[crypto-admin-templates.multipurposethemes.com/sass/dark-multi/css/icons/flag-icon-css/flags/1x1/ly.svg]
[crypto-admin-templates.multipurposethemes.com/sass/dark-multi/css/icons/flag-icon-css/flags/4x3/ma.svg]
[crypto-admin-templates.multipurposethemes.com/sass/dark-multi/css/icons/flag-icon-css/flags/1x1/ma.svg]
[crypto-admin-templates.multipurposethemes.com/sass/dark-multi/css/icons/flag-icon-css/flags/4x3/mc.svg]
[crypto-admin-templates.multipurposethemes.com/sass/dark-multi/css/icons/flag-icon-css/flags/1x1/mc.svg]
[crypto-admin-templates.multipurposethemes.com/sass/dark-multi/css/icons/flag-icon-css/flags/4x3/md.svg]
[crypto-admin-templates.multipurposethemes.com/sass/dark-multi/css/icons/flag-icon-css/flags/1x1/md.svg]
[crypto-admin-templates.multipurposethemes.com/sass/dark-multi/css/icons/flag-icon-css/flags/4x3/me.svg]
[crypto-admin-templates.multipurposethemes.com/sass/dark-multi/css/icons/flag-icon-css/flags/1x1/me.svg]
[crypto-admin-templates.multipurposethemes.com/sass/dark-multi/css/icons/flag-icon-css/flags/4x3/mf.svg]
[crypto-admin-templates.multipurposethemes.com/sass/dark-multi/css/icons/flag-icon-css/flags/1x1/mf.svg]
[crypto-admin-templates.multipurposethemes.com/sass/dark-multi/css/icons/flag-icon-css/flags/4x3/mg.svg]
[crypto-admin-templates.multipurposethemes.com/sass/dark-multi/css/icons/flag-icon-css/flags/1x1/mg.svg]
[crypto-admin-templates.multipurposethemes.com/sass/dark-multi/css/icons/flag-icon-css/flags/4x3/mh.svg]
[crypto-admin-templates.multipurposethemes.com/sass/dark-multi/css/icons/flag-icon-css/flags/1x1/mh.svg]
[crypto-admin-templates.multipurposethemes.com/sass/dark-multi/css/icons/flag-icon-css/flags/4x3/mk.svg]
[crypto-admin-templates.multipurposethemes.com/sass/dark-multi/css/icons/flag-icon-css/flags/1x1/mk.svg]
[crypto-admin-templates.multipurposethemes.com/sass/dark-multi/css/icons/flag-icon-css/flags/4x3/ml.svg]
[crypto-admin-templates.multipurposethemes.com/sass/dark-multi/css/icons/flag-icon-css/flags/1x1/ml.svg]
[crypto-admin-templates.multipurposethemes.com/sass/dark-multi/css/icons/flag-icon-css/flags/4x3/mm.svg]
[crypto-admin-templates.multipurposethemes.com/sass/dark-multi/css/icons/flag-icon-css/flags/1x1/mm.svg]
[crypto-admin-templates.multipurposethemes.com/sass/dark-multi/css/icons/flag-icon-css/flags/4x3/mn.svg]
[crypto-admin-templates.multipurposethemes.com/sass/dark-multi/css/icons/flag-icon-css/flags/1x1/mn.svg]
[crypto-admin-templates.multipurposethemes.com/sass/dark-multi/css/icons/flag-icon-css/flags/4x3/mo.svg]
[crypto-admin-templates.multipurposethemes.com/sass/dark-multi/css/icons/flag-icon-css/flags/1x1/mo.svg]
[crypto-admin-templates.multipurposethemes.com/sass/dark-multi/css/icons/flag-icon-css/flags/4x3/mp.svg]
[crypto-admin-templates.multipurposethemes.com/sass/dark-multi/css/icons/flag-icon-css/flags/1x1/mp.svg]
[crypto-admin-templates.multipurposethemes.com/sass/dark-multi/css/icons/flag-icon-css/flags/4x3/mq.svg]
[crypto-admin-templates.multipurposethemes.com/sass/dark-multi/css/icons/flag-icon-css/flags/1x1/mq.svg]
[crypto-admin-templates.multipurposethemes.com/sass/dark-multi/css/icons/flag-icon-css/flags/4x3/mr.svg]
[crypto-admin-templates.multipurposethemes.com/sass/dark-multi/css/icons/flag-icon-css/flags/1x1/mr.svg]
[crypto-admin-templates.multipurposethemes.com/sass/dark-multi/css/icons/flag-icon-css/flags/4x3/ms.svg]
[crypto-admin-templates.multipurposethemes.com/sass/dark-multi/css/icons/flag-icon-css/flags/1x1/ms.svg]
[crypto-admin-templates.multipurposethemes.com/sass/dark-multi/css/icons/flag-icon-css/flags/4x3/mt.svg]
[crypto-admin-templates.multipurposethemes.com/sass/dark-multi/css/icons/flag-icon-css/flags/1x1/mt.svg]
[crypto-admin-templates.multipurposethemes.com/sass/dark-multi/css/icons/flag-icon-css/flags/4x3/mu.svg]
[crypto-admin-templates.multipurposethemes.com/sass/dark-multi/css/icons/flag-icon-css/flags/1x1/mu.svg]
[crypto-admin-templates.multipurposethemes.com/sass/dark-multi/css/icons/flag-icon-css/flags/4x3/mv.svg]
[crypto-admin-templates.multipurposethemes.com/sass/dark-multi/css/icons/flag-icon-css/flags/1x1/mv.svg]
[crypto-admin-templates.multipurposethemes.com/sass/dark-multi/css/icons/flag-icon-css/flags/4x3/mw.svg]
[crypto-admin-templates.multipurposethemes.com/sass/dark-multi/css/icons/flag-icon-css/flags/1x1/mw.svg]
[crypto-admin-templates.multipurposethemes.com/sass/dark-multi/css/icons/flag-icon-css/flags/4x3/mx.svg]
[crypto-admin-templates.multipurposethemes.com/sass/dark-multi/css/icons/flag-icon-css/flags/1x1/mx.svg]
[crypto-admin-templates.multipurposethemes.com/sass/dark-multi/css/icons/flag-icon-css/flags/4x3/my.svg]
[crypto-admin-templates.multipurposethemes.com/sass/dark-multi/css/icons/flag-icon-css/flags/1x1/my.svg]
[crypto-admin-templates.multipurposethemes.com/sass/dark-multi/css/icons/flag-icon-css/flags/4x3/mz.svg]
[crypto-admin-templates.multipurposethemes.com/sass/dark-multi/css/icons/flag-icon-css/flags/1x1/mz.svg]
[crypto-admin-templates.multipurposethemes.com/sass/dark-multi/css/icons/flag-icon-css/flags/4x3/na.svg]
[crypto-admin-templates.multipurposethemes.com/sass/dark-multi/css/icons/flag-icon-css/flags/1x1/na.svg]
[crypto-admin-templates.multipurposethemes.com/sass/dark-multi/css/icons/flag-icon-css/flags/4x3/nc.svg]
[crypto-admin-templates.multipurposethemes.com/sass/dark-multi/css/icons/flag-icon-css/flags/1x1/nc.svg]
[crypto-admin-templates.multipurposethemes.com/sass/dark-multi/css/icons/flag-icon-css/flags/4x3/ne.svg]
[crypto-admin-templates.multipurposethemes.com/sass/dark-multi/css/icons/flag-icon-css/flags/1x1/ne.svg]
[crypto-admin-templates.multipurposethemes.com/sass/dark-multi/css/icons/flag-icon-css/flags/4x3/nf.svg]
[crypto-admin-templates.multipurposethemes.com/sass/dark-multi/css/icons/flag-icon-css/flags/1x1/nf.svg]
[crypto-admin-templates.multipurposethemes.com/sass/dark-multi/css/icons/flag-icon-css/flags/4x3/ng.svg]
[crypto-admin-templates.multipurposethemes.com/sass/dark-multi/css/icons/flag-icon-css/flags/1x1/ng.svg]
[crypto-admin-templates.multipurposethemes.com/sass/dark-multi/css/icons/flag-icon-css/flags/4x3/ni.svg]
[crypto-admin-templates.multipurposethemes.com/sass/dark-multi/css/icons/flag-icon-css/flags/1x1/ni.svg]
[crypto-admin-templates.multipurposethemes.com/sass/dark-multi/css/icons/flag-icon-css/flags/4x3/nl.svg]
[crypto-admin-templates.multipurposethemes.com/sass/dark-multi/css/icons/flag-icon-css/flags/1x1/nl.svg]
[crypto-admin-templates.multipurposethemes.com/sass/dark-multi/css/icons/flag-icon-css/flags/4x3/no.svg]
[crypto-admin-templates.multipurposethemes.com/sass/dark-multi/css/icons/flag-icon-css/flags/1x1/no.svg]
[crypto-admin-templates.multipurposethemes.com/sass/dark-multi/css/icons/flag-icon-css/flags/4x3/np.svg]
[crypto-admin-templates.multipurposethemes.com/sass/dark-multi/css/icons/flag-icon-css/flags/1x1/np.svg]
[crypto-admin-templates.multipurposethemes.com/sass/dark-multi/css/icons/flag-icon-css/flags/4x3/nr.svg]
[crypto-admin-templates.multipurposethemes.com/sass/dark-multi/css/icons/flag-icon-css/flags/1x1/nr.svg]
[crypto-admin-templates.multipurposethemes.com/sass/dark-multi/css/icons/flag-icon-css/flags/4x3/nu.svg]
[crypto-admin-templates.multipurposethemes.com/sass/dark-multi/css/icons/flag-icon-css/flags/1x1/nu.svg]
[crypto-admin-templates.multipurposethemes.com/sass/dark-multi/css/icons/flag-icon-css/flags/4x3/nz.svg]
[crypto-admin-templates.multipurposethemes.com/sass/dark-multi/css/icons/flag-icon-css/flags/1x1/nz.svg]
[crypto-admin-templates.multipurposethemes.com/sass/dark-multi/css/icons/flag-icon-css/flags/4x3/om.svg]
[crypto-admin-templates.multipurposethemes.com/sass/dark-multi/css/icons/flag-icon-css/flags/1x1/om.svg]
[crypto-admin-templates.multipurposethemes.com/sass/dark-multi/css/icons/flag-icon-css/flags/4x3/pa.svg]
[crypto-admin-templates.multipurposethemes.com/sass/dark-multi/css/icons/flag-icon-css/flags/1x1/pa.svg]
[crypto-admin-templates.multipurposethemes.com/sass/dark-multi/css/icons/flag-icon-css/flags/4x3/pe.svg]
[crypto-admin-templates.multipurposethemes.com/sass/dark-multi/css/icons/flag-icon-css/flags/1x1/pe.svg]
[crypto-admin-templates.multipurposethemes.com/sass/dark-multi/css/icons/flag-icon-css/flags/4x3/pf.svg]
[crypto-admin-templates.multipurposethemes.com/sass/dark-multi/css/icons/flag-icon-css/flags/1x1/pf.svg]
[crypto-admin-templates.multipurposethemes.com/sass/dark-multi/css/icons/flag-icon-css/flags/4x3/pg.svg]
[crypto-admin-templates.multipurposethemes.com/sass/dark-multi/css/icons/flag-icon-css/flags/1x1/pg.svg]
[crypto-admin-templates.multipurposethemes.com/sass/dark-multi/css/icons/flag-icon-css/flags/4x3/ph.svg]
[crypto-admin-templates.multipurposethemes.com/sass/dark-multi/css/icons/flag-icon-css/flags/1x1/ph.svg]
[crypto-admin-templates.multipurposethemes.com/sass/dark-multi/css/icons/flag-icon-css/flags/4x3/pk.svg]
[crypto-admin-templates.multipurposethemes.com/sass/dark-multi/css/icons/flag-icon-css/flags/1x1/pk.svg]
[crypto-admin-templates.multipurposethemes.com/sass/dark-multi/css/icons/flag-icon-css/flags/4x3/pl.svg]
[crypto-admin-templates.multipurposethemes.com/sass/dark-multi/css/icons/flag-icon-css/flags/1x1/pl.svg]
[crypto-admin-templates.multipurposethemes.com/sass/dark-multi/css/icons/flag-icon-css/flags/4x3/pm.svg]
[crypto-admin-templates.multipurposethemes.com/sass/dark-multi/css/icons/flag-icon-css/flags/1x1/pm.svg]
[crypto-admin-templates.multipurposethemes.com/sass/dark-multi/css/icons/flag-icon-css/flags/4x3/pn.svg]
[crypto-admin-templates.multipurposethemes.com/sass/dark-multi/css/icons/flag-icon-css/flags/1x1/pn.svg]
[crypto-admin-templates.multipurposethemes.com/sass/dark-multi/css/icons/flag-icon-css/flags/4x3/pr.svg]
[crypto-admin-templates.multipurposethemes.com/sass/dark-multi/css/icons/flag-icon-css/flags/1x1/pr.svg]
[crypto-admin-templates.multipurposethemes.com/sass/dark-multi/css/icons/flag-icon-css/flags/4x3/ps.svg]
[crypto-admin-templates.multipurposethemes.com/sass/dark-multi/css/icons/flag-icon-css/flags/1x1/ps.svg]
[crypto-admin-templates.multipurposethemes.com/sass/dark-multi/css/icons/flag-icon-css/flags/4x3/pt.svg]
[crypto-admin-templates.multipurposethemes.com/sass/dark-multi/css/icons/flag-icon-css/flags/1x1/pt.svg]
[crypto-admin-templates.multipurposethemes.com/sass/dark-multi/css/icons/flag-icon-css/flags/4x3/pw.svg]
[crypto-admin-templates.multipurposethemes.com/sass/dark-multi/css/icons/flag-icon-css/flags/1x1/pw.svg]
[crypto-admin-templates.multipurposethemes.com/sass/dark-multi/css/icons/flag-icon-css/flags/4x3/py.svg]
[crypto-admin-templates.multipurposethemes.com/sass/dark-multi/css/icons/flag-icon-css/flags/1x1/py.svg]
[crypto-admin-templates.multipurposethemes.com/sass/dark-multi/css/icons/flag-icon-css/flags/4x3/qa.svg]
[crypto-admin-templates.multipurposethemes.com/sass/dark-multi/css/icons/flag-icon-css/flags/1x1/qa.svg]
[crypto-admin-templates.multipurposethemes.com/sass/dark-multi/css/icons/flag-icon-css/flags/4x3/re.svg]
[crypto-admin-templates.multipurposethemes.com/sass/dark-multi/css/icons/flag-icon-css/flags/1x1/re.svg]
[crypto-admin-templates.multipurposethemes.com/sass/dark-multi/css/icons/flag-icon-css/flags/4x3/ro.svg]
[crypto-admin-templates.multipurposethemes.com/sass/dark-multi/css/icons/flag-icon-css/flags/1x1/ro.svg]
[crypto-admin-templates.multipurposethemes.com/sass/dark-multi/css/icons/flag-icon-css/flags/4x3/rs.svg]
[crypto-admin-templates.multipurposethemes.com/sass/dark-multi/css/icons/flag-icon-css/flags/1x1/rs.svg]
[crypto-admin-templates.multipurposethemes.com/sass/dark-multi/css/icons/flag-icon-css/flags/4x3/ru.svg]
[crypto-admin-templates.multipurposethemes.com/sass/dark-multi/css/icons/flag-icon-css/flags/1x1/ru.svg]
[crypto-admin-templates.multipurposethemes.com/sass/dark-multi/css/icons/flag-icon-css/flags/4x3/rw.svg]
[crypto-admin-templates.multipurposethemes.com/sass/dark-multi/css/icons/flag-icon-css/flags/1x1/rw.svg]
[crypto-admin-templates.multipurposethemes.com/sass/dark-multi/css/icons/flag-icon-css/flags/4x3/sa.svg]
[crypto-admin-templates.multipurposethemes.com/sass/dark-multi/css/icons/flag-icon-css/flags/1x1/sa.svg]
[crypto-admin-templates.multipurposethemes.com/sass/dark-multi/css/icons/flag-icon-css/flags/4x3/sb.svg]
[crypto-admin-templates.multipurposethemes.com/sass/dark-multi/css/icons/flag-icon-css/flags/1x1/sb.svg]
[crypto-admin-templates.multipurposethemes.com/sass/dark-multi/css/icons/flag-icon-css/flags/4x3/sc.svg]
[crypto-admin-templates.multipurposethemes.com/sass/dark-multi/css/icons/flag-icon-css/flags/1x1/sc.svg]
[crypto-admin-templates.multipurposethemes.com/sass/dark-multi/css/icons/flag-icon-css/flags/4x3/sd.svg]
[crypto-admin-templates.multipurposethemes.com/sass/dark-multi/css/icons/flag-icon-css/flags/1x1/sd.svg]
[crypto-admin-templates.multipurposethemes.com/sass/dark-multi/css/icons/flag-icon-css/flags/4x3/se.svg]
[crypto-admin-templates.multipurposethemes.com/sass/dark-multi/css/icons/flag-icon-css/flags/1x1/se.svg]
[crypto-admin-templates.multipurposethemes.com/sass/dark-multi/css/icons/flag-icon-css/flags/4x3/sg.svg]
[crypto-admin-templates.multipurposethemes.com/sass/dark-multi/css/icons/flag-icon-css/flags/1x1/sg.svg]
[crypto-admin-templates.multipurposethemes.com/sass/dark-multi/css/icons/flag-icon-css/flags/4x3/sh.svg]
[crypto-admin-templates.multipurposethemes.com/sass/dark-multi/css/icons/flag-icon-css/flags/1x1/sh.svg]
[crypto-admin-templates.multipurposethemes.com/sass/dark-multi/css/icons/flag-icon-css/flags/4x3/si.svg]
[crypto-admin-templates.multipurposethemes.com/sass/dark-multi/css/icons/flag-icon-css/flags/1x1/si.svg]
[crypto-admin-templates.multipurposethemes.com/sass/dark-multi/css/icons/flag-icon-css/flags/4x3/sj.svg]
[crypto-admin-templates.multipurposethemes.com/sass/dark-multi/css/icons/flag-icon-css/flags/1x1/sj.svg]
[crypto-admin-templates.multipurposethemes.com/sass/dark-multi/css/icons/flag-icon-css/flags/4x3/sk.svg]
[crypto-admin-templates.multipurposethemes.com/sass/dark-multi/css/icons/flag-icon-css/flags/1x1/sk.svg]
[crypto-admin-templates.multipurposethemes.com/sass/dark-multi/css/icons/flag-icon-css/flags/4x3/sl.svg]
[crypto-admin-templates.multipurposethemes.com/sass/dark-multi/css/icons/flag-icon-css/flags/1x1/sl.svg]
[crypto-admin-templates.multipurposethemes.com/sass/dark-multi/css/icons/flag-icon-css/flags/4x3/sm.svg]
[crypto-admin-templates.multipurposethemes.com/sass/dark-multi/css/icons/flag-icon-css/flags/1x1/sm.svg]
[crypto-admin-templates.multipurposethemes.com/sass/dark-multi/css/icons/flag-icon-css/flags/4x3/sn.svg]
[crypto-admin-templates.multipurposethemes.com/sass/dark-multi/css/icons/flag-icon-css/flags/1x1/sn.svg]
[crypto-admin-templates.multipurposethemes.com/sass/dark-multi/css/icons/flag-icon-css/flags/4x3/so.svg]
[crypto-admin-templates.multipurposethemes.com/sass/dark-multi/css/icons/flag-icon-css/flags/1x1/so.svg]
[crypto-admin-templates.multipurposethemes.com/sass/dark-multi/css/icons/flag-icon-css/flags/4x3/sr.svg]
[crypto-admin-templates.multipurposethemes.com/sass/dark-multi/css/icons/flag-icon-css/flags/1x1/sr.svg]
[crypto-admin-templates.multipurposethemes.com/sass/dark-multi/css/icons/flag-icon-css/flags/4x3/ss.svg]
[crypto-admin-templates.multipurposethemes.com/sass/dark-multi/css/icons/flag-icon-css/flags/1x1/ss.svg]
[crypto-admin-templates.multipurposethemes.com/sass/dark-multi/css/icons/flag-icon-css/flags/4x3/st.svg]
[crypto-admin-templates.multipurposethemes.com/sass/dark-multi/css/icons/flag-icon-css/flags/1x1/st.svg]
[crypto-admin-templates.multipurposethemes.com/sass/dark-multi/css/icons/flag-icon-css/flags/4x3/sv.svg]
[crypto-admin-templates.multipurposethemes.com/sass/dark-multi/css/icons/flag-icon-css/flags/1x1/sv.svg]
[crypto-admin-templates.multipurposethemes.com/sass/dark-multi/css/icons/flag-icon-css/flags/4x3/sx.svg]
[crypto-admin-templates.multipurposethemes.com/sass/dark-multi/css/icons/flag-icon-css/flags/1x1/sx.svg]
[crypto-admin-templates.multipurposethemes.com/sass/dark-multi/css/icons/flag-icon-css/flags/4x3/sy.svg]
[crypto-admin-templates.multipurposethemes.com/sass/dark-multi/css/icons/flag-icon-css/flags/1x1/sy.svg]
[crypto-admin-templates.multipurposethemes.com/sass/dark-multi/css/icons/flag-icon-css/flags/4x3/sz.svg]
[crypto-admin-templates.multipurposethemes.com/sass/dark-multi/css/icons/flag-icon-css/flags/1x1/sz.svg]
[crypto-admin-templates.multipurposethemes.com/sass/dark-multi/css/icons/flag-icon-css/flags/4x3/tc.svg]
[crypto-admin-templates.multipurposethemes.com/sass/dark-multi/css/icons/flag-icon-css/flags/1x1/tc.svg]
[crypto-admin-templates.multipurposethemes.com/sass/dark-multi/css/icons/flag-icon-css/flags/4x3/td.svg]
[crypto-admin-templates.multipurposethemes.com/sass/dark-multi/css/icons/flag-icon-css/flags/1x1/td.svg]
[crypto-admin-templates.multipurposethemes.com/sass/dark-multi/css/icons/flag-icon-css/flags/4x3/tf.svg]
[crypto-admin-templates.multipurposethemes.com/sass/dark-multi/css/icons/flag-icon-css/flags/1x1/tf.svg]
[crypto-admin-templates.multipurposethemes.com/sass/dark-multi/css/icons/flag-icon-css/flags/4x3/tg.svg]
[crypto-admin-templates.multipurposethemes.com/sass/dark-multi/css/icons/flag-icon-css/flags/1x1/tg.svg]
[crypto-admin-templates.multipurposethemes.com/sass/dark-multi/css/icons/flag-icon-css/flags/4x3/th.svg]
[crypto-admin-templates.multipurposethemes.com/sass/dark-multi/css/icons/flag-icon-css/flags/1x1/th.svg]
[crypto-admin-templates.multipurposethemes.com/sass/dark-multi/css/icons/flag-icon-css/flags/4x3/tj.svg]
[crypto-admin-templates.multipurposethemes.com/sass/dark-multi/css/icons/flag-icon-css/flags/1x1/tj.svg]
[crypto-admin-templates.multipurposethemes.com/sass/dark-multi/css/icons/flag-icon-css/flags/4x3/tk.svg]
[crypto-admin-templates.multipurposethemes.com/sass/dark-multi/css/icons/flag-icon-css/flags/1x1/tk.svg]
[crypto-admin-templates.multipurposethemes.com/sass/dark-multi/css/icons/flag-icon-css/flags/4x3/tl.svg]
[crypto-admin-templates.multipurposethemes.com/sass/dark-multi/css/icons/flag-icon-css/flags/1x1/tl.svg]
[crypto-admin-templates.multipurposethemes.com/sass/dark-multi/css/icons/flag-icon-css/flags/4x3/tm.svg]
[crypto-admin-templates.multipurposethemes.com/sass/dark-multi/css/icons/flag-icon-css/flags/1x1/tm.svg]
[crypto-admin-templates.multipurposethemes.com/sass/dark-multi/css/icons/flag-icon-css/flags/4x3/tn.svg]
[crypto-admin-templates.multipurposethemes.com/sass/dark-multi/css/icons/flag-icon-css/flags/1x1/tn.svg]
[crypto-admin-templates.multipurposethemes.com/sass/dark-multi/css/icons/flag-icon-css/flags/4x3/to.svg]
[crypto-admin-templates.multipurposethemes.com/sass/dark-multi/css/icons/flag-icon-css/flags/1x1/to.svg]
[crypto-admin-templates.multipurposethemes.com/sass/dark-multi/css/icons/flag-icon-css/flags/4x3/tr.svg]
[crypto-admin-templates.multipurposethemes.com/sass/dark-multi/css/icons/flag-icon-css/flags/1x1/tr.svg]
[crypto-admin-templates.multipurposethemes.com/sass/dark-multi/css/icons/flag-icon-css/flags/4x3/tt.svg]
[crypto-admin-templates.multipurposethemes.com/sass/dark-multi/css/icons/flag-icon-css/flags/1x1/tt.svg]
[crypto-admin-templates.multipurposethemes.com/sass/dark-multi/css/icons/flag-icon-css/flags/4x3/tv.svg]
[crypto-admin-templates.multipurposethemes.com/sass/dark-multi/css/icons/flag-icon-css/flags/1x1/tv.svg]
[crypto-admin-templates.multipurposethemes.com/sass/dark-multi/css/icons/flag-icon-css/flags/4x3/tw.svg]
[crypto-admin-templates.multipurposethemes.com/sass/dark-multi/css/icons/flag-icon-css/flags/1x1/tw.svg]
[crypto-admin-templates.multipurposethemes.com/sass/dark-multi/css/icons/flag-icon-css/flags/4x3/tz.svg]
[crypto-admin-templates.multipurposethemes.com/sass/dark-multi/css/icons/flag-icon-css/flags/1x1/tz.svg]
[crypto-admin-templates.multipurposethemes.com/sass/dark-multi/css/icons/flag-icon-css/flags/4x3/ua.svg]
[crypto-admin-templates.multipurposethemes.com/sass/dark-multi/css/icons/flag-icon-css/flags/1x1/ua.svg]
[crypto-admin-templates.multipurposethemes.com/sass/dark-multi/css/icons/flag-icon-css/flags/4x3/ug.svg]
[crypto-admin-templates.multipurposethemes.com/sass/dark-multi/css/icons/flag-icon-css/flags/1x1/ug.svg]
[crypto-admin-templates.multipurposethemes.com/sass/dark-multi/css/icons/flag-icon-css/flags/4x3/um.svg]
[crypto-admin-templates.multipurposethemes.com/sass/dark-multi/css/icons/flag-icon-css/flags/1x1/um.svg]
[crypto-admin-templates.multipurposethemes.com/sass/dark-multi/css/icons/flag-icon-css/flags/4x3/us.svg]
[crypto-admin-templates.multipurposethemes.com/sass/dark-multi/css/icons/flag-icon-css/flags/1x1/us.svg]
[crypto-admin-templates.multipurposethemes.com/sass/dark-multi/css/icons/flag-icon-css/flags/4x3/uy.svg]
[crypto-admin-templates.multipurposethemes.com/sass/dark-multi/css/icons/flag-icon-css/flags/1x1/uy.svg]
[crypto-admin-templates.multipurposethemes.com/sass/dark-multi/css/icons/flag-icon-css/flags/4x3/uz.svg]
[crypto-admin-templates.multipurposethemes.com/sass/dark-multi/css/icons/flag-icon-css/flags/1x1/uz.svg]
[crypto-admin-templates.multipurposethemes.com/sass/dark-multi/css/icons/flag-icon-css/flags/4x3/va.svg]
[crypto-admin-templates.multipurposethemes.com/sass/dark-multi/css/icons/flag-icon-css/flags/1x1/va.svg]
[crypto-admin-templates.multipurposethemes.com/sass/dark-multi/css/icons/flag-icon-css/flags/4x3/vc.svg]
[crypto-admin-templates.multipurposethemes.com/sass/dark-multi/css/icons/flag-icon-css/flags/1x1/vc.svg]
[crypto-admin-templates.multipurposethemes.com/sass/dark-multi/css/icons/flag-icon-css/flags/4x3/ve.svg]
[crypto-admin-templates.multipurposethemes.com/sass/dark-multi/css/icons/flag-icon-css/flags/1x1/ve.svg]
[crypto-admin-templates.multipurposethemes.com/sass/dark-multi/css/icons/flag-icon-css/flags/4x3/vg.svg]
[crypto-admin-templates.multipurposethemes.com/sass/dark-multi/css/icons/flag-icon-css/flags/1x1/vg.svg]
[crypto-admin-templates.multipurposethemes.com/sass/dark-multi/css/icons/flag-icon-css/flags/4x3/vi.svg]
[crypto-admin-templates.multipurposethemes.com/sass/dark-multi/css/icons/flag-icon-css/flags/1x1/vi.svg]
[crypto-admin-templates.multipurposethemes.com/sass/dark-multi/css/icons/flag-icon-css/flags/4x3/vn.svg]
[crypto-admin-templates.multipurposethemes.com/sass/dark-multi/css/icons/flag-icon-css/flags/1x1/vn.svg]
[crypto-admin-templates.multipurposethemes.com/sass/dark-multi/css/icons/flag-icon-css/flags/4x3/vu.svg]
[crypto-admin-templates.multipurposethemes.com/sass/dark-multi/css/icons/flag-icon-css/flags/1x1/vu.svg]
[crypto-admin-templates.multipurposethemes.com/sass/dark-multi/css/icons/flag-icon-css/flags/4x3/wf.svg]
[crypto-admin-templates.multipurposethemes.com/sass/dark-multi/css/icons/flag-icon-css/flags/1x1/wf.svg]
[crypto-admin-templates.multipurposethemes.com/sass/dark-multi/css/icons/flag-icon-css/flags/4x3/ws.svg]
[crypto-admin-templates.multipurposethemes.com/sass/dark-multi/css/icons/flag-icon-css/flags/1x1/ws.svg]
[crypto-admin-templates.multipurposethemes.com/sass/dark-multi/css/icons/flag-icon-css/flags/4x3/ye.svg]
[crypto-admin-templates.multipurposethemes.com/sass/dark-multi/css/icons/flag-icon-css/flags/1x1/ye.svg]
[crypto-admin-templates.multipurposethemes.com/sass/dark-multi/css/icons/flag-icon-css/flags/4x3/yt.svg]
[crypto-admin-templates.multipurposethemes.com/sass/dark-multi/css/icons/flag-icon-css/flags/1x1/yt.svg]
[crypto-admin-templates.multipurposethemes.com/sass/dark-multi/css/icons/flag-icon-css/flags/4x3/za.svg]
[crypto-admin-templates.multipurposethemes.com/sass/dark-multi/css/icons/flag-icon-css/flags/1x1/za.svg]
[crypto-admin-templates.multipurposethemes.com/sass/dark-multi/css/icons/flag-icon-css/flags/4x3/zm.svg]
[crypto-admin-templates.multipurposethemes.com/sass/dark-multi/css/icons/flag-icon-css/flags/1x1/zm.svg]
[crypto-admin-templates.multipurposethemes.com/sass/dark-multi/css/icons/flag-icon-css/flags/4x3/zw.svg]
[crypto-admin-templates.multipurposethemes.com/sass/dark-multi/css/icons/flag-icon-css/flags/1x1/zw.svg]
[crypto-admin-templates.multipurposethemes.com/sass/dark-multi/css/icons/flag-icon-css/flags/4x3/es-ct.svg]
[crypto-admin-templates.multipurposethemes.com/sass/dark-multi/css/icons/flag-icon-css/flags/1x1/es-ct.svg]
[crypto-admin-templates.multipurposethemes.com/sass/dark-multi/css/icons/flag-icon-css/flags/4x3/eu.svg]
[crypto-admin-templates.multipurposethemes.com/sass/dark-multi/css/icons/flag-icon-css/flags/1x1/eu.svg]
[crypto-admin-templates.multipurposethemes.com/sass/dark-multi/css/icons/flag-icon-css/flags/4x3/gb-eng.svg]
[crypto-admin-templates.multipurposethemes.com/sass/dark-multi/css/icons/flag-icon-css/flags/1x1/gb-eng.svg]
[crypto-admin-templates.multipurposethemes.com/sass/dark-multi/css/icons/flag-icon-css/flags/4x3/gb-nir.svg]
[crypto-admin-templates.multipurposethemes.com/sass/dark-multi/css/icons/flag-icon-css/flags/1x1/gb-nir.svg]
[crypto-admin-templates.multipurposethemes.com/sass/dark-multi/css/icons/flag-icon-css/flags/4x3/gb-sct.svg]
[crypto-admin-templates.multipurposethemes.com/sass/dark-multi/css/icons/flag-icon-css/flags/1x1/gb-sct.svg]
[crypto-admin-templates.multipurposethemes.com/sass/dark-multi/css/icons/flag-icon-css/flags/4x3/gb-wls.svg]
[crypto-admin-templates.multipurposethemes.com/sass/dark-multi/css/icons/flag-icon-css/flags/1x1/gb-wls.svg]
[crypto-admin-templates.multipurposethemes.com/sass/dark-multi/css/icons/flag-icon-css/flags/4x3/un.svg]
[crypto-admin-templates.multipurposethemes.com/sass/dark-multi/css/icons/flag-icon-css/flags/1x1/un.svg]
[crypto-admin-templates.multipurposethemes.com/sass/dark-multi/css/icons/material-design-iconic-font/fonts/materialdesignicons-webfontdf71.svg]
[crypto-admin-templates.multipurposethemes.com/sass/dark-multi/css/icons/simple-line-icons/fonts/Simple-Line-Iconsb26c.svg]
[crypto-admin-templates.multipurposethemes.com/sass/dark-multi/css/icons/iconsmind/icomoonca27.svg]
